<html>
<body>
<pre>
<h1>µVision Build Log</h1>
<h2>Project:</h2>
C:\Documents and Settings\Aubert\Bureau\Electronique\En cours d'étude\stm\F4\Projets\Datalogger\MDK-ARM\Datalogger.uvproj
Project File Date:  08/18/2013

<h2>Output:</h2>
Build target 'Datalogger kit'
compiling fifo.c...
linking...
Program Size: Code=20054 RO-data=522 RW-data=104 ZI-data=69836  
FromELF: creating hex file...
".\FATFS\FATFS.axf" - 0 Errors, 0 Warning(s).
Build target 'Datalogger kit'
compiling misc.c...
compiling stm32f4xx_exti.c...
".\DATALOGGER.axf" - 0 Errors, 0 Warning(s).
Project build/rebuild aborted.
Build target 'Datalogger kit'
compiling misc.c...
compiling stm32f4xx_exti.c...
compiling stm32f4xx_gpio.c...
compiling stm32f4xx_rcc.c...
compiling stm32f4xx_sdio.c...
compiling stm32f4xx_syscfg.c...
compiling stm32f4xx_usart.c...
compiling stm32f4xx_dma.c...
compiling stm32f4xx_tim.c...
assembling startup_stm32f4xx.s...
compiling diskio.c...
compiling ff.c...
compiling stm32f4_discovery_sdio_sd.c...
compiling stm32f4_discovery.c...
compiling main.c...
compiling system_stm32f4xx.c...
compiling stm32f4xx_it.c...
compiling fonctionsUsart.c...
compiling fonctionsInit.c...
compiling itData.c...
compiling fifo.c...
linking...
Program Size: Code=17628 RO-data=524 RW-data=104 ZI-data=69836  
FromELF: creating hex file...
".\Datalogger\DATALOGGER.axf" - 0 Errors, 0 Warning(s).
Build target 'Datalogger kit'
compiling misc.c...
compiling stm32f4xx_exti.c...
compiling stm32f4xx_gpio.c...
compiling stm32f4xx_rcc.c...
compiling stm32f4xx_sdio.c...
compiling stm32f4xx_syscfg.c...
compiling stm32f4xx_usart.c...
compiling stm32f4xx_dma.c...
compiling stm32f4xx_tim.c...
assembling startup_stm32f4xx.s...
compiling diskio.c...
compiling ff.c...
compiling stm32f4_discovery_sdio_sd.c...
compiling stm32f4_discovery.c...
compiling main.c...
compiling system_stm32f4xx.c...
compiling stm32f4xx_it.c...
compiling fonctionsUsart.c...
compiling fonctionsInit.c...
compiling itData.c...
compiling fifo.c...
