ARM Linker, 5.03 [Build 76] [MDK-ARM Standard]

==============================================================================

Section Cross References

    stm32f4xx_gpio.o(i.GPIO_DeInit) refers to stm32f4xx_rcc.o(i.RCC_AHB1PeriphResetCmd) for RCC_AHB1PeriphResetCmd
    stm32f4xx_rcc.o(i.RCC_GetClocksFreq) refers to stm32f4xx_rcc.o(.data) for APBAHBPrescTable
    stm32f4xx_rcc.o(i.RCC_WaitForHSEStartUp) refers to stm32f4xx_rcc.o(i.RCC_GetFlagStatus) for RCC_GetFlagStatus
    stm32f4xx_sdio.o(i.SDIO_DeInit) refers to stm32f4xx_rcc.o(i.RCC_APB2PeriphResetCmd) for RCC_APB2PeriphResetCmd
    stm32f4xx_syscfg.o(i.SYSCFG_DeInit) refers to stm32f4xx_rcc.o(i.RCC_APB2PeriphResetCmd) for RCC_APB2PeriphResetCmd
    stm32f4xx_usart.o(i.USART_DeInit) refers to stm32f4xx_rcc.o(i.RCC_APB2PeriphResetCmd) for RCC_APB2PeriphResetCmd
    stm32f4xx_usart.o(i.USART_DeInit) refers to stm32f4xx_rcc.o(i.RCC_APB1PeriphResetCmd) for RCC_APB1PeriphResetCmd
    stm32f4xx_usart.o(i.USART_Init) refers to stm32f4xx_rcc.o(i.RCC_GetClocksFreq) for RCC_GetClocksFreq
    stm32f4xx_tim.o(i.TIM_DeInit) refers to stm32f4xx_rcc.o(i.RCC_APB2PeriphResetCmd) for RCC_APB2PeriphResetCmd
    stm32f4xx_tim.o(i.TIM_DeInit) refers to stm32f4xx_rcc.o(i.RCC_APB1PeriphResetCmd) for RCC_APB1PeriphResetCmd
    stm32f4xx_tim.o(i.TIM_ETRClockMode1Config) refers to stm32f4xx_tim.o(i.TIM_ETRConfig) for TIM_ETRConfig
    stm32f4xx_tim.o(i.TIM_ETRClockMode2Config) refers to stm32f4xx_tim.o(i.TIM_ETRConfig) for TIM_ETRConfig
    stm32f4xx_tim.o(i.TIM_ICInit) refers to stm32f4xx_tim.o(i.TI1_Config) for TI1_Config
    stm32f4xx_tim.o(i.TIM_ICInit) refers to stm32f4xx_tim.o(i.TIM_SetIC1Prescaler) for TIM_SetIC1Prescaler
    stm32f4xx_tim.o(i.TIM_ICInit) refers to stm32f4xx_tim.o(i.TI2_Config) for TI2_Config
    stm32f4xx_tim.o(i.TIM_ICInit) refers to stm32f4xx_tim.o(i.TIM_SetIC2Prescaler) for TIM_SetIC2Prescaler
    stm32f4xx_tim.o(i.TIM_ICInit) refers to stm32f4xx_tim.o(i.TI3_Config) for TI3_Config
    stm32f4xx_tim.o(i.TIM_ICInit) refers to stm32f4xx_tim.o(i.TIM_SetIC3Prescaler) for TIM_SetIC3Prescaler
    stm32f4xx_tim.o(i.TIM_ICInit) refers to stm32f4xx_tim.o(i.TI4_Config) for TI4_Config
    stm32f4xx_tim.o(i.TIM_ICInit) refers to stm32f4xx_tim.o(i.TIM_SetIC4Prescaler) for TIM_SetIC4Prescaler
    stm32f4xx_tim.o(i.TIM_ITRxExternalClockConfig) refers to stm32f4xx_tim.o(i.TIM_SelectInputTrigger) for TIM_SelectInputTrigger
    stm32f4xx_tim.o(i.TIM_PWMIConfig) refers to stm32f4xx_tim.o(i.TI1_Config) for TI1_Config
    stm32f4xx_tim.o(i.TIM_PWMIConfig) refers to stm32f4xx_tim.o(i.TIM_SetIC1Prescaler) for TIM_SetIC1Prescaler
    stm32f4xx_tim.o(i.TIM_PWMIConfig) refers to stm32f4xx_tim.o(i.TI2_Config) for TI2_Config
    stm32f4xx_tim.o(i.TIM_PWMIConfig) refers to stm32f4xx_tim.o(i.TIM_SetIC2Prescaler) for TIM_SetIC2Prescaler
    stm32f4xx_tim.o(i.TIM_TIxExternalClockConfig) refers to stm32f4xx_tim.o(i.TI2_Config) for TI2_Config
    stm32f4xx_tim.o(i.TIM_TIxExternalClockConfig) refers to stm32f4xx_tim.o(i.TI1_Config) for TI1_Config
    stm32f4xx_tim.o(i.TIM_TIxExternalClockConfig) refers to stm32f4xx_tim.o(i.TIM_SelectInputTrigger) for TIM_SelectInputTrigger
    startup_stm32f4xx.o(RESET) refers to startup_stm32f4xx.o(STACK) for __initial_sp
    startup_stm32f4xx.o(RESET) refers to startup_stm32f4xx.o(.text) for Reset_Handler
    startup_stm32f4xx.o(RESET) refers to stm32f4xx_it.o(i.NMI_Handler) for NMI_Handler
    startup_stm32f4xx.o(RESET) refers to stm32f4xx_it.o(i.HardFault_Handler) for HardFault_Handler
    startup_stm32f4xx.o(RESET) refers to stm32f4xx_it.o(i.MemManage_Handler) for MemManage_Handler
    startup_stm32f4xx.o(RESET) refers to stm32f4xx_it.o(i.BusFault_Handler) for BusFault_Handler
    startup_stm32f4xx.o(RESET) refers to stm32f4xx_it.o(i.UsageFault_Handler) for UsageFault_Handler
    startup_stm32f4xx.o(RESET) refers to stm32f4xx_it.o(i.SVC_Handler) for SVC_Handler
    startup_stm32f4xx.o(RESET) refers to stm32f4xx_it.o(i.DebugMon_Handler) for DebugMon_Handler
    startup_stm32f4xx.o(RESET) refers to stm32f4xx_it.o(i.PendSV_Handler) for PendSV_Handler
    startup_stm32f4xx.o(RESET) refers to stm32f4xx_it.o(i.SysTick_Handler) for SysTick_Handler
    startup_stm32f4xx.o(RESET) refers to stm32f4xx_it.o(i.EXTI0_IRQHandler) for EXTI0_IRQHandler
    startup_stm32f4xx.o(RESET) refers to stm32f4xx_it.o(i.TIM2_IRQHandler) for TIM2_IRQHandler
    startup_stm32f4xx.o(RESET) refers to stm32f4xx_it.o(i.USART2_IRQHandler) for USART2_IRQHandler
    startup_stm32f4xx.o(RESET) refers to stm32f4xx_it.o(i.USART3_IRQHandler) for USART3_IRQHandler
    startup_stm32f4xx.o(RESET) refers to stm32f4xx_it.o(i.SDIO_IRQHandler) for SDIO_IRQHandler
    startup_stm32f4xx.o(.text) refers to system_stm32f4xx.o(i.SystemInit) for SystemInit
    startup_stm32f4xx.o(.text) refers to entry.o(.ARM.Collect$$$$00000000) for __main
    diskio.o(i.disk_initialize) refers to stm32f4_discovery_sdio_sd.o(i.SD_Init) for SD_Init
[...]
    Removing stm32f4xx_tim.o(i.TIM_SelectHallSensor), (24 bytes).
    Removing stm32f4xx_tim.o(i.TIM_SelectInputTrigger), (18 bytes).
    Removing stm32f4xx_tim.o(i.TIM_SelectMasterSlaveMode), (18 bytes).
    Removing stm32f4xx_tim.o(i.TIM_SelectOCxM), (86 bytes).
    Removing stm32f4xx_tim.o(i.TIM_SelectOnePulseMode), (18 bytes).
    Removing stm32f4xx_tim.o(i.TIM_SelectOutputTrigger), (18 bytes).
    Removing stm32f4xx_tim.o(i.TIM_SelectSlaveMode), (18 bytes).
    Removing stm32f4xx_tim.o(i.TIM_SetAutoreload), (4 bytes).
    Removing stm32f4xx_tim.o(i.TIM_SetClockDivision), (18 bytes).
    Removing stm32f4xx_tim.o(i.TIM_SetCompare1), (4 bytes).
    Removing stm32f4xx_tim.o(i.TIM_SetCompare2), (4 bytes).
    Removing stm32f4xx_tim.o(i.TIM_SetCompare3), (4 bytes).
    Removing stm32f4xx_tim.o(i.TIM_SetCompare4), (4 bytes).
    Removing stm32f4xx_tim.o(i.TIM_SetIC1Prescaler), (18 bytes).
    Removing stm32f4xx_tim.o(i.TIM_SetIC2Prescaler), (26 bytes).
    Removing stm32f4xx_tim.o(i.TIM_SetIC3Prescaler), (18 bytes).
    Removing stm32f4xx_tim.o(i.TIM_SetIC4Prescaler), (26 bytes).
    Removing stm32f4xx_tim.o(i.TIM_TIxExternalClockConfig), (62 bytes).
    Removing stm32f4xx_tim.o(i.TIM_TimeBaseStructInit), (18 bytes).
    Removing stm32f4xx_tim.o(i.TIM_UpdateDisableConfig), (24 bytes).
    Removing stm32f4xx_tim.o(i.TIM_UpdateRequestConfig), (24 bytes).
    Removing diskio.o(.rev16_text), (4 bytes).
    Removing diskio.o(.revsh_text), (4 bytes).
    Removing ff.o(i.dir_read), (86 bytes).
    Removing ff.o(i.dir_remove), (44 bytes).
    Removing ff.o(i.f_chmod), (84 bytes).
    Removing ff.o(i.f_getfree), (276 bytes).
    Removing ff.o(i.f_mkdir), (384 bytes).
    Removing ff.o(i.f_opendir), (110 bytes).
    Removing ff.o(i.f_read), (458 bytes).
    Removing ff.o(i.f_readdir), (88 bytes).
    Removing ff.o(i.f_rename), (288 bytes).
    Removing ff.o(i.f_truncate), (156 bytes).
    Removing ff.o(i.f_unlink), (178 bytes).
    Removing ff.o(i.f_utime), (86 bytes).
    Removing stm32f4_discovery_sdio_sd.o(.rev16_text), (4 bytes).
    Removing stm32f4_discovery_sdio_sd.o(.revsh_text), (4 bytes).
    Removing stm32f4_discovery_sdio_sd.o(i.IsCardProgramming), (412 bytes).
    Removing stm32f4_discovery_sdio_sd.o(i.SD_DeInit), (8 bytes).
    Removing stm32f4_discovery_sdio_sd.o(i.SD_Erase), (320 bytes).
    Removing stm32f4_discovery_sdio_sd.o(i.SD_GetCardStatus), (160 bytes).
    Removing stm32f4_discovery_sdio_sd.o(i.SD_GetTransferState), (24 bytes).
    Removing stm32f4_discovery_sdio_sd.o(i.SD_PowerOFF), (14 bytes).
    Removing stm32f4_discovery_sdio_sd.o(i.SD_ProcessDMAIRQ), (40 bytes).
    Removing stm32f4_discovery_sdio_sd.o(i.SD_ReadBlock), (224 bytes).
    Removing stm32f4_discovery_sdio_sd.o(i.SD_ReadMultiBlocks), (232 bytes).
    Removing stm32f4_discovery_sdio_sd.o(i.SD_SendSDStatus), (384 bytes).
    Removing stm32f4_discovery_sdio_sd.o(i.SD_WriteBlock), (220 bytes).
    Removing stm32f4_discovery_sdio_sd.o(i.SD_WriteMultiBlocks), (328 bytes).
    Removing stm32f4_discovery_sdio_sd.o(i.convert_from_bytes_to_power_of_two), (18 bytes).
    Removing stm32f4_discovery.o(.rev16_text), (4 bytes).
    Removing stm32f4_discovery.o(.revsh_text), (4 bytes).
    Removing stm32f4_discovery.o(i.SD_LowLevel_DeInit), (148 bytes).
    Removing stm32f4_discovery.o(i.STM_EVAL_LEDInit), (76 bytes).
    Removing stm32f4_discovery.o(i.STM_EVAL_LEDOff), (24 bytes).
    Removing stm32f4_discovery.o(i.STM_EVAL_LEDOn), (24 bytes).
    Removing stm32f4_discovery.o(i.STM_EVAL_LEDToggle), (36 bytes).
    Removing stm32f4_discovery.o(i.STM_EVAL_PBGetState), (32 bytes).
    Removing stm32f4_discovery.o(i.STM_EVAL_PBInit), (168 bytes).
    Removing stm32f4_discovery.o(.constdata), (37 bytes).
    Removing stm32f4_discovery.o(.data), (24 bytes).
    Removing main.o(.rev16_text), (4 bytes).
    Removing main.o(.revsh_text), (4 bytes).
    Removing main.o(i._sys_exit), (4 bytes).
    Removing main.o(i._ttywrch), (88 bytes).
    Removing main.o(i.ferror), (8 bytes).
    Removing main.o(i.fgetc), (36 bytes).
    Removing system_stm32f4xx.o(.rev16_text), (4 bytes).
    Removing system_stm32f4xx.o(.revsh_text), (4 bytes).
    Removing system_stm32f4xx.o(i.SystemCoreClockUpdate), (192 bytes).
    Removing system_stm32f4xx.o(.data), (20 bytes).
    Removing stm32f4xx_it.o(.rev16_text), (4 bytes).
    Removing stm32f4xx_it.o(.revsh_text), (4 bytes).
    Removing fonctionsusart.o(.rev16_text), (4 bytes).
    Removing fonctionsusart.o(.revsh_text), (4 bytes).
    Removing fonctionsinit.o(.rev16_text), (4 bytes).
    Removing fonctionsinit.o(.revsh_text), (4 bytes).
    Removing fifo.o(.rev16_text), (4 bytes).
    Removing fifo.o(.revsh_text), (4 bytes).
    Removing fifo.o(i.listFile), (100 bytes).
    Removing dadd.o(.text), (334 bytes).
    Removing dmul.o(.text), (228 bytes).
    Removing ddiv.o(.text), (222 bytes).
    Removing dfixul.o(.text), (48 bytes).
    Removing cdrcmple.o(.text), (40 bytes).
    Removing depilogue.o(.text), (190 bytes).

278 unused section(s) (total 12887 bytes) removed from the image.

==============================================================================

Image Symbol Table

    Local Symbols

    Symbol Name                              Value     Ov Type        Size  Object(Section)

    ../clib/microlib/division.c              0x00000000   Number         0  uidiv.o ABSOLUTE
    ../clib/microlib/division.c              0x00000000   Number         0  uldiv.o ABSOLUTE
    ../clib/microlib/init/entry.s            0x00000000   Number         0  entry2.o ABSOLUTE
    ../clib/microlib/init/entry.s            0x00000000   Number         0  entry11b.o ABSOLUTE
    ../clib/microlib/init/entry.s            0x00000000   Number         0  entry10b.o ABSOLUTE
    ../clib/microlib/init/entry.s            0x00000000   Number         0  entry11a.o ABSOLUTE
    ../clib/microlib/init/entry.s            0x00000000   Number         0  entry7a.o ABSOLUTE
    ../clib/microlib/init/entry.s            0x00000000   Number         0  entry.o ABSOLUTE
    ../clib/microlib/init/entry.s            0x00000000   Number         0  entry7b.o ABSOLUTE
    ../clib/microlib/init/entry.s            0x00000000   Number         0  entry8a.o ABSOLUTE
    ../clib/microlib/init/entry.s            0x00000000   Number         0  entry8b.o ABSOLUTE
    ../clib/microlib/init/entry.s            0x00000000   Number         0  entry5.o ABSOLUTE
    ../clib/microlib/init/entry.s            0x00000000   Number         0  entry9a.o ABSOLUTE
    ../clib/microlib/init/entry.s            0x00000000   Number         0  entry9b.o ABSOLUTE
    ../clib/microlib/init/entry.s            0x00000000   Number         0  entry10a.o ABSOLUTE
    ../clib/microlib/longlong.c              0x00000000   Number         0  llushr.o ABSOLUTE
    ../clib/microlib/longlong.c              0x00000000   Number         0  llsshr.o ABSOLUTE
    ../clib/microlib/longlong.c              0x00000000   Number         0  llshl.o ABSOLUTE
    ../clib/microlib/malloc/malloc.c         0x00000000   Number         0  malloc.o ABSOLUTE
    ../clib/microlib/malloc/malloc.c         0x00000000   Number         0  mallocr.o ABSOLUTE
    ../clib/microlib/malloc/malloc.c         0x00000000   Number         0  malloca.o ABSOLUTE
    ../clib/microlib/malloc/malloc.c         0x00000000   Number         0  mallocra.o ABSOLUTE
    ../clib/microlib/malloc/mvars.c          0x00000000   Number         0  mvars.o ABSOLUTE
    ../clib/microlib/printf/printf.c         0x00000000   Number         0  printfa.o ABSOLUTE
    ../clib/microlib/printf/printf.c         0x00000000   Number         0  printf2.o ABSOLUTE
    ../clib/microlib/printf/printf.c         0x00000000   Number         0  printf3.o ABSOLUTE
    ../clib/microlib/printf/printf.c         0x00000000   Number         0  printf1.o ABSOLUTE
    ../clib/microlib/printf/printf.c         0x00000000   Number         0  printf4.o ABSOLUTE
    ../clib/microlib/printf/printf.c         0x00000000   Number         0  printf5.o ABSOLUTE
    ../clib/microlib/printf/printf.c         0x00000000   Number         0  printf0.o ABSOLUTE
    ../clib/microlib/printf/printf.c         0x00000000   Number         0  printfb.o ABSOLUTE
    ../clib/microlib/printf/printf.c         0x00000000   Number         0  printf7.o ABSOLUTE
    ../clib/microlib/printf/printf.c         0x00000000   Number         0  printf8.o ABSOLUTE
    ../clib/microlib/printf/printf.c         0x00000000   Number         0  printf6.o ABSOLUTE
    ../clib/microlib/printf/stubs.s          0x00000000   Number         0  stubs.o ABSOLUTE
    ../clib/microlib/string/memcpy.c         0x00000000   Number         0  memcpyb.o ABSOLUTE
    ../clib/microlib/string/memcpy.c         0x00000000   Number         0  memcpya.o ABSOLUTE
    ../clib/microlib/string/memset.c         0x00000000   Number         0  memseta.o ABSOLUTE
    ../clib/microlib/string/strlen.c         0x00000000   Number         0  strlen.o ABSOLUTE
    ../clib/microlib/stubs.s                 0x00000000   Number         0  useno.o ABSOLUTE
    ../clib/microlib/stubs.s                 0x00000000   Number         0  iusefp.o ABSOLUTE
    ../fplib/microlib/fpadd.c                0x00000000   Number         0  dadd.o ABSOLUTE
    ../fplib/microlib/fpdiv.c                0x00000000   Number         0  ddiv.o ABSOLUTE
    ../fplib/microlib/fpepilogue.c           0x00000000   Number         0  depilogue.o ABSOLUTE
    ../fplib/microlib/fpfix.c                0x00000000   Number         0  dfixul.o ABSOLUTE
    ../fplib/microlib/fpmul.c                0x00000000   Number         0  dmul.o ABSOLUTE
    ..\..\Library_stm\STM32F4-Discovery_SDIO\stm32f4_discovery.c 0x00000000   Number         0  stm32f4_discovery.o ABSOLUTE
    ..\..\Library_stm\STM32F4-Discovery_SDIO\stm32f4_discovery_sdio_sd.c 0x00000000   Number         0  stm32f4_discovery_sdio_sd.o ABSOLUTE
    ..\..\Library_stm\STM32F4xx_StdPeriph_Driver\src\misc.c 0x00000000   Number         0  misc.o ABSOLUTE
    ..\..\Library_stm\STM32F4xx_StdPeriph_Driver\src\stm32f4xx_dma.c 0x00000000   Number         0  stm32f4xx_dma.o ABSOLUTE
    ..\..\Library_stm\STM32F4xx_StdPeriph_Driver\src\stm32f4xx_exti.c 0x00000000   Number         0  stm32f4xx_exti.o ABSOLUTE
    ..\..\Library_stm\STM32F4xx_StdPeriph_Driver\src\stm32f4xx_gpio.c 0x00000000   Number         0  stm32f4xx_gpio.o ABSOLUTE
    ..\..\Library_stm\STM32F4xx_StdPeriph_Driver\src\stm32f4xx_rcc.c 0x00000000   Number         0  stm32f4xx_rcc.o ABSOLUTE
    ..\..\Library_stm\STM32F4xx_StdPeriph_Driver\src\stm32f4xx_sdio.c 0x00000000   Number         0  stm32f4xx_sdio.o ABSOLUTE
    ..\..\Library_stm\STM32F4xx_StdPeriph_Driver\src\stm32f4xx_syscfg.c 0x00000000   Number         0  stm32f4xx_syscfg.o ABSOLUTE
    ..\..\Library_stm\STM32F4xx_StdPeriph_Driver\src\stm32f4xx_tim.c 0x00000000   Number         0  stm32f4xx_tim.o ABSOLUTE
    ..\..\Library_stm\STM32F4xx_StdPeriph_Driver\src\stm32f4xx_usart.c 0x00000000   Number         0  stm32f4xx_usart.o ABSOLUTE
    ..\User\fifo.c                           0x00000000   Number         0  fifo.o ABSOLUTE
    ..\User\fonctionsInit.c                  0x00000000   Number         0  fonctionsinit.o ABSOLUTE
    ..\User\fonctionsUsart.c                 0x00000000   Number         0  fonctionsusart.o ABSOLUTE
    ..\User\itData.c                         0x00000000   Number         0  itdata.o ABSOLUTE
    ..\User\main.c                           0x00000000   Number         0  main.o ABSOLUTE
    ..\User\stm32f4xx_it.c                   0x00000000   Number         0  stm32f4xx_it.o ABSOLUTE
    ..\User\system_stm32f4xx.c               0x00000000   Number         0  system_stm32f4xx.o ABSOLUTE
    ..\\..\\Library_stm\\STM32F4-Discovery_SDIO\\stm32f4_discovery.c 0x00000000   Number         0  stm32f4_discovery.o ABSOLUTE
    ..\\..\\Library_stm\\STM32F4-Discovery_SDIO\\stm32f4_discovery_sdio_sd.c 0x00000000   Number         0  stm32f4_discovery_sdio_sd.o ABSOLUTE
    ..\\..\\Library_stm\\STM32F4xx_StdPeriph_Driver\\src\\misc.c 0x00000000   Number         0  misc.o ABSOLUTE
    ..\\..\\Library_stm\\STM32F4xx_StdPeriph_Driver\\src\\stm32f4xx_dma.c 0x00000000   Number         0  stm32f4xx_dma.o ABSOLUTE
    ..\\..\\Library_stm\\STM32F4xx_StdPeriph_Driver\\src\\stm32f4xx_exti.c 0x00000000   Number         0  stm32f4xx_exti.o ABSOLUTE
    ..\\..\\Library_stm\\STM32F4xx_StdPeriph_Driver\\src\\stm32f4xx_gpio.c 0x00000000   Number         0  stm32f4xx_gpio.o ABSOLUTE
    ..\\..\\Library_stm\\STM32F4xx_StdPeriph_Driver\\src\\stm32f4xx_rcc.c 0x00000000   Number         0  stm32f4xx_rcc.o ABSOLUTE
    ..\\..\\Library_stm\\STM32F4xx_StdPeriph_Driver\\src\\stm32f4xx_sdio.c 0x00000000   Number         0  stm32f4xx_sdio.o ABSOLUTE
    ..\\..\\Library_stm\\STM32F4xx_StdPeriph_Driver\\src\\stm32f4xx_syscfg.c 0x00000000   Number         0  stm32f4xx_syscfg.o ABSOLUTE
    ..\\..\\Library_stm\\STM32F4xx_StdPeriph_Driver\\src\\stm32f4xx_tim.c 0x00000000   Number         0  stm32f4xx_tim.o ABSOLUTE
    ..\\..\\Library_stm\\STM32F4xx_StdPeriph_Driver\\src\\stm32f4xx_usart.c 0x00000000   Number         0  stm32f4xx_usart.o ABSOLUTE
    ..\\User\\fifo.c                         0x00000000   Number         0  fifo.o ABSOLUTE
    ..\\User\\fonctionsInit.c                0x00000000   Number         0  fonctionsinit.o ABSOLUTE
    ..\\User\\fonctionsUsart.c               0x00000000   Number         0  fonctionsusart.o ABSOLUTE
    ..\\User\\main.c                         0x00000000   Number         0  main.o ABSOLUTE
    ..\\User\\stm32f4xx_it.c                 0x00000000   Number         0  stm32f4xx_it.o ABSOLUTE
    ..\\User\\system_stm32f4xx.c             0x00000000   Number         0  system_stm32f4xx.o ABSOLUTE
    ..\\diskio.c                             0x00000000   Number         0  diskio.o ABSOLUTE
    ..\diskio.c                              0x00000000   Number         0  diskio.o ABSOLUTE
    ..\ff.c                                  0x00000000   Number         0  ff.o ABSOLUTE
    ..\startup_stm32f4xx.s                   0x00000000   Number         0  startup_stm32f4xx.o ABSOLUTE
    cdrcmple.s                               0x00000000   Number         0  cdrcmple.o ABSOLUTE
    dc.s                                     0x00000000   Number         0  dc.o ABSOLUTE
    handlers.s                               0x00000000   Number         0  handlers.o ABSOLUTE
    init.s                                   0x00000000   Number         0  init.o ABSOLUTE
    RESET                                    0x08000000   Section      392  startup_stm32f4xx.o(RESET)
    .ARM.Collect$$$$00000000                 0x08000188   Section        0  entry.o(.ARM.Collect$$$$00000000)
    .ARM.Collect$$$$00000001                 0x08000188   Section        4  entry2.o(.ARM.Collect$$$$00000001)
    .ARM.Collect$$$$00000004                 0x0800018c   Section        4  entry5.o(.ARM.Collect$$$$00000004)
    .ARM.Collect$$$$00000008                 0x08000190   Section        0  entry7b.o(.ARM.Collect$$$$00000008)
    .ARM.Collect$$$$0000000A                 0x08000190   Section        0  entry8b.o(.ARM.Collect$$$$0000000A)
    .ARM.Collect$$$$0000000B                 0x08000190   Section        8  entry9a.o(.ARM.Collect$$$$0000000B)
    .ARM.Collect$$$$0000000D                 0x08000198   Section        0  entry10a.o(.ARM.Collect$$$$0000000D)
    .ARM.Collect$$$$0000000F                 0x08000198   Section        0  entry11a.o(.ARM.Collect$$$$0000000F)
    .ARM.Collect$$$$00002712                 0x08000198   Section        4  entry2.o(.ARM.Collect$$$$00002712)
    __lit__00000000                          0x08000198   Data           4  entry2.o(.ARM.Collect$$$$00002712)
    .text                                    0x0800019c   Section       52  startup_stm32f4xx.o(.text)
    .text                                    0x080001d0   Section        0  memcpya.o(.text)
    .text                                    0x080001f4   Section        0  memseta.o(.text)
    .text                                    0x08000218   Section        0  strlen.o(.text)
    .text                                    0x08000226   Section        0  uidiv.o(.text)
    .text                                    0x08000254   Section       36  init.o(.text)
    i.BusFault_Handler                       0x08000278   Section        0  stm32f4xx_it.o(i.BusFault_Handler)
    i.CmdError                               0x0800027c   Section        0  stm32f4_discovery_sdio_sd.o(i.CmdError)
    CmdError                                 0x0800027d   Thumb Code    44  stm32f4_discovery_sdio_sd.o(i.CmdError)
    i.CmdResp1Error                          0x080002a8   Section        0  stm32f4_discovery_sdio_sd.o(i.CmdResp1Error)
    CmdResp1Error                            0x080002a9   Thumb Code   296  stm32f4_discovery_sdio_sd.o(i.CmdResp1Error)
    i.CmdResp2Error                          0x080003d8   Section        0  stm32f4_discovery_sdio_sd.o(i.CmdResp2Error)
    CmdResp2Error                            0x080003d9   Thumb Code    68  stm32f4_discovery_sdio_sd.o(i.CmdResp2Error)
    i.CmdResp3Error                          0x08000420   Section        0  stm32f4_discovery_sdio_sd.o(i.CmdResp3Error)
    CmdResp3Error                            0x08000421   Thumb Code    50  stm32f4_discovery_sdio_sd.o(i.CmdResp3Error)
    i.CmdResp6Error                          0x08000458   Section        0  stm32f4_discovery_sdio_sd.o(i.CmdResp6Error)
    CmdResp6Error                            0x08000459   Thumb Code   150  stm32f4_discovery_sdio_sd.o(i.CmdResp6Error)
    i.CmdResp7Error                          0x080004f4   Section        0  stm32f4_discovery_sdio_sd.o(i.CmdResp7Error)
    CmdResp7Error                            0x080004f5   Thumb Code    72  stm32f4_discovery_sdio_sd.o(i.CmdResp7Error)
    i.DMA_ClearFlag                          0x08000540   Section        0  stm32f4xx_dma.o(i.DMA_ClearFlag)
    i.DMA_Cmd                                0x08000574   Section        0  stm32f4xx_dma.o(i.DMA_Cmd)
    i.DMA_DeInit                             0x0800058c   Section        0  stm32f4xx_dma.o(i.DMA_DeInit)
    i.DMA_FlowControllerConfig               0x080006e4   Section        0  stm32f4xx_dma.o(i.DMA_FlowControllerConfig)
    i.DMA_ITConfig                           0x080006fa   Section        0  stm32f4xx_dma.o(i.DMA_ITConfig)
    i.DMA_Init                               0x08000734   Section        0  stm32f4xx_dma.o(i.DMA_Init)
    i.DebugMon_Handler                       0x0800078c   Section        0  stm32f4xx_it.o(i.DebugMon_Handler)
    i.EXTI0_IRQHandler                       0x08000790   Section        0  stm32f4xx_it.o(i.EXTI0_IRQHandler)
    i.EXTILine0_Config                       0x080007dc   Section        0  fonctionsinit.o(i.EXTILine0_Config)
    i.EXTI_ClearFlag                         0x08000828   Section        0  stm32f4xx_exti.o(i.EXTI_ClearFlag)
    i.EXTI_ClearITPendingBit                 0x08000834   Section        0  stm32f4xx_exti.o(i.EXTI_ClearITPendingBit)
    i.EXTI_GetITStatus                       0x08000840   Section        0  stm32f4xx_exti.o(i.EXTI_GetITStatus)
    i.EXTI_Init                              0x08000868   Section        0  stm32f4xx_exti.o(i.EXTI_Init)
    i.FindSCR                                0x080008fc   Section        0  stm32f4_discovery_sdio_sd.o(i.FindSCR)
    FindSCR                                  0x080008fd   Thumb Code   384  stm32f4_discovery_sdio_sd.o(i.FindSCR)
    i.GPIO_Configuration                     0x08000a8c   Section        0  fonctionsinit.o(i.GPIO_Configuration)
    i.GPIO_Init                              0x08000af4   Section        0  stm32f4xx_gpio.o(i.GPIO_Init)
    i.GPIO_PinAFConfig                       0x08000b84   Section        0  stm32f4xx_gpio.o(i.GPIO_PinAFConfig)
    i.GPIO_ReadInputDataBit                  0x08000bca   Section        0  stm32f4xx_gpio.o(i.GPIO_ReadInputDataBit)
    i.GPIO_ResetBits                         0x08000bdc   Section        0  stm32f4xx_gpio.o(i.GPIO_ResetBits)
    i.GPIO_SetBits                           0x08000be0   Section        0  stm32f4xx_gpio.o(i.GPIO_SetBits)
    i.GPIO_ToggleBits                        0x08000be4   Section        0  stm32f4xx_gpio.o(i.GPIO_ToggleBits)
    i.HardFault_Handler                      0x08000bec   Section        0  stm32f4xx_it.o(i.HardFault_Handler)
    i.Init_Uart2                             0x08000bf0   Section        0  fonctionsinit.o(i.Init_Uart2)
    i.Init_Uart3                             0x08000cc0   Section        0  fonctionsinit.o(i.Init_Uart3)
    i.MemManage_Handler                      0x08000d64   Section        0  stm32f4xx_it.o(i.MemManage_Handler)
    i.NMI_Handler                            0x08000d68   Section        0  stm32f4xx_it.o(i.NMI_Handler)
    i.NVIC_Configuration                     0x08000d6a   Section        0  main.o(i.NVIC_Configuration)
    i.NVIC_Init                              0x08000d94   Section        0  misc.o(i.NVIC_Init)
    i.NVIC_PriorityGroupConfig               0x08000e0c   Section        0  misc.o(i.NVIC_PriorityGroupConfig)
    i.PendSV_Handler                         0x08000e20   Section        0  stm32f4xx_it.o(i.PendSV_Handler)
    i.RCC_AHB1PeriphClockCmd                 0x08000e24   Section        0  stm32f4xx_rcc.o(i.RCC_AHB1PeriphClockCmd)
    i.RCC_APB1PeriphClockCmd                 0x08000e44   Section        0  stm32f4xx_rcc.o(i.RCC_APB1PeriphClockCmd)
    i.RCC_APB2PeriphClockCmd                 0x08000e64   Section        0  stm32f4xx_rcc.o(i.RCC_APB2PeriphClockCmd)
    i.RCC_APB2PeriphResetCmd                 0x08000e84   Section        0  stm32f4xx_rcc.o(i.RCC_APB2PeriphResetCmd)
    i.RCC_GetClocksFreq                      0x08000ea4   Section        0  stm32f4xx_rcc.o(i.RCC_GetClocksFreq)
    i.SDEnWideBus                            0x08000f8c   Section        0  stm32f4_discovery_sdio_sd.o(i.SDEnWideBus)
    SDEnWideBus                              0x08000f8d   Thumb Code   270  stm32f4_discovery_sdio_sd.o(i.SDEnWideBus)
    i.SDIO_ClearFlag                         0x080010a4   Section        0  stm32f4xx_sdio.o(i.SDIO_ClearFlag)
    i.SDIO_ClearITPendingBit                 0x080010b0   Section        0  stm32f4xx_sdio.o(i.SDIO_ClearITPendingBit)
    i.SDIO_ClockCmd                          0x080010bc   Section        0  stm32f4xx_sdio.o(i.SDIO_ClockCmd)
    i.SDIO_DMACmd                            0x080010c8   Section        0  stm32f4xx_sdio.o(i.SDIO_DMACmd)
    i.SDIO_DataConfig                        0x080010d4   Section        0  stm32f4xx_sdio.o(i.SDIO_DataConfig)
    i.SDIO_DeInit                            0x08001108   Section        0  stm32f4xx_sdio.o(i.SDIO_DeInit)
    i.SDIO_GetCommandResponse                0x08001120   Section        0  stm32f4xx_sdio.o(i.SDIO_GetCommandResponse)
    i.SDIO_GetFlagStatus                     0x0800112c   Section        0  stm32f4xx_sdio.o(i.SDIO_GetFlagStatus)
    i.SDIO_GetITStatus                       0x08001144   Section        0  stm32f4xx_sdio.o(i.SDIO_GetITStatus)
    i.SDIO_GetPowerState                     0x0800115c   Section        0  stm32f4xx_sdio.o(i.SDIO_GetPowerState)
    i.SDIO_GetResponse                       0x0800116c   Section        0  stm32f4xx_sdio.o(i.SDIO_GetResponse)
    i.SDIO_IRQHandler                        0x08001184   Section        0  stm32f4xx_it.o(i.SDIO_IRQHandler)
    i.SDIO_ITConfig                          0x0800118c   Section        0  stm32f4xx_sdio.o(i.SDIO_ITConfig)
    i.SDIO_Init                              0x080011ac   Section        0  stm32f4xx_sdio.o(i.SDIO_Init)
    i.SDIO_ReadData                          0x080011dc   Section        0  stm32f4xx_sdio.o(i.SDIO_ReadData)
    i.SDIO_SendCommand                       0x080011e8   Section        0  stm32f4xx_sdio.o(i.SDIO_SendCommand)
    i.SDIO_SetPowerState                     0x08001214   Section        0  stm32f4xx_sdio.o(i.SDIO_SetPowerState)
    i.SD_Detect                              0x08001220   Section        0  stm32f4_discovery_sdio_sd.o(i.SD_Detect)
    i.SD_EnableWideBusOperation              0x08001240   Section        0  stm32f4_discovery_sdio_sd.o(i.SD_EnableWideBusOperation)
    i.SD_GetCardInfo                         0x080012d4   Section        0  stm32f4_discovery_sdio_sd.o(i.SD_GetCardInfo)
    i.SD_GetState                            0x080015f8   Section        0  stm32f4_discovery_sdio_sd.o(i.SD_GetState)
    i.SD_GetStatus                           0x0800161e   Section        0  stm32f4_discovery_sdio_sd.o(i.SD_GetStatus)
    i.SD_Init                                0x0800163c   Section        0  stm32f4_discovery_sdio_sd.o(i.SD_Init)
    i.SD_InitializeCards                     0x080016c0   Section        0  stm32f4_discovery_sdio_sd.o(i.SD_InitializeCards)
    i.SD_LowLevel_DMA_RxConfig               0x080017fc   Section        0  stm32f4_discovery.o(i.SD_LowLevel_DMA_RxConfig)
    i.SD_LowLevel_DMA_TxConfig               0x08001888   Section        0  stm32f4_discovery.o(i.SD_LowLevel_DMA_TxConfig)
    i.SD_LowLevel_Init                       0x08001918   Section        0  stm32f4_discovery.o(i.SD_LowLevel_Init)
    i.SD_PowerON                             0x080019d8   Section        0  stm32f4_discovery_sdio_sd.o(i.SD_PowerON)
    i.SD_ProcessIRQSrc                       0x08001b78   Section        0  stm32f4_discovery_sdio_sd.o(i.SD_ProcessIRQSrc)
    i.SD_ReadMultiBlocksFIXED                0x08001c24   Section        0  stm32f4_discovery_sdio_sd.o(i.SD_ReadMultiBlocksFIXED)
    i.SD_SelectDeselect                      0x08001d10   Section        0  stm32f4_discovery_sdio_sd.o(i.SD_SelectDeselect)
    i.SD_SendStatus                          0x08001d44   Section        0  stm32f4_discovery_sdio_sd.o(i.SD_SendStatus)
    i.SD_StopTransfer                        0x08001d98   Section        0  stm32f4_discovery_sdio_sd.o(i.SD_StopTransfer)
    i.SD_WaitReadOperation                   0x08001dcc   Section        0  stm32f4_discovery_sdio_sd.o(i.SD_WaitReadOperation)
    i.SD_WaitWriteOperation                  0x08001e48   Section        0  stm32f4_discovery_sdio_sd.o(i.SD_WaitWriteOperation)
    i.SD_WriteMultiBlocksFIXED               0x08001ec4   Section        0  stm32f4_discovery_sdio_sd.o(i.SD_WriteMultiBlocksFIXED)
    i.SVC_Handler                            0x0800200c   Section        0  stm32f4xx_it.o(i.SVC_Handler)
    i.SYSCFG_EXTILineConfig                  0x08002010   Section        0  stm32f4xx_syscfg.o(i.SYSCFG_EXTILineConfig)
    i.SetSysClock                            0x08002050   Section        0  system_stm32f4xx.o(i.SetSysClock)
    SetSysClock                              0x08002051   Thumb Code   266  system_stm32f4xx.o(i.SetSysClock)
    i.SysTick_Handler                        0x08002170   Section        0  stm32f4xx_it.o(i.SysTick_Handler)
    i.SystemInit                             0x08002174   Section        0  system_stm32f4xx.o(i.SystemInit)
    i.TIM2_IRQHandler                        0x080021d0   Section        0  stm32f4xx_it.o(i.TIM2_IRQHandler)
    i.TIM_ClearITPendingBit                  0x0800226c   Section        0  stm32f4xx_tim.o(i.TIM_ClearITPendingBit)
    i.TIM_Cmd                                0x08002272   Section        0  stm32f4xx_tim.o(i.TIM_Cmd)
    i.TIM_GetITStatus                        0x0800228a   Section        0  stm32f4xx_tim.o(i.TIM_GetITStatus)
    i.TIM_ITConfig                           0x080022ac   Section        0  stm32f4xx_tim.o(i.TIM_ITConfig)
    i.TIM_SetCounter                         0x080022be   Section        0  stm32f4xx_tim.o(i.TIM_SetCounter)
    i.TIM_TimeBaseInit                       0x080022c4   Section        0  stm32f4xx_tim.o(i.TIM_TimeBaseInit)
    i.Timer2_Config                          0x08002348   Section        0  fonctionsinit.o(i.Timer2_Config)
    i.USART2_IRQHandler                      0x080023ac   Section        0  stm32f4xx_it.o(i.USART2_IRQHandler)
    i.USART3_IRQHandler                      0x08002428   Section        0  stm32f4xx_it.o(i.USART3_IRQHandler)
    i.USART_ClearITPendingBit                0x080024a4   Section        0  stm32f4xx_usart.o(i.USART_ClearITPendingBit)
    i.USART_Cmd                              0x080024c2   Section        0  stm32f4xx_usart.o(i.USART_Cmd)
    i.USART_GetFlagStatus                    0x080024da   Section        0  stm32f4xx_usart.o(i.USART_GetFlagStatus)
    i.USART_GetITStatus                      0x080024f4   Section        0  stm32f4xx_usart.o(i.USART_GetITStatus)
    i.USART_ITConfig                         0x08002548   Section        0  stm32f4xx_usart.o(i.USART_ITConfig)
    i.USART_Init                             0x08002594   Section        0  stm32f4xx_usart.o(i.USART_Init)
    i.USART_SendData                         0x08002668   Section        0  stm32f4xx_usart.o(i.USART_SendData)
    i.USART_puts                             0x08002670   Section        0  fonctionsusart.o(i.USART_puts)
    i.UsageFault_Handler                     0x08002694   Section        0  stm32f4xx_it.o(i.UsageFault_Handler)
    i.__0printf$1                            0x08002698   Section        0  printf1.o(i.__0printf$1)
    i.__scatterload_copy                     0x080026b8   Section       14  handlers.o(i.__scatterload_copy)
    i.__scatterload_null                     0x080026c6   Section        2  handlers.o(i.__scatterload_null)
    i.__scatterload_zeroinit                 0x080026c8   Section       14  handlers.o(i.__scatterload_zeroinit)
    i._printf_core                           0x080026d8   Section        0  printf1.o(i._printf_core)
    _printf_core                             0x080026d9   Thumb Code   334  printf1.o(i._printf_core)
    i.check_fs                               0x0800282c   Section        0  ff.o(i.check_fs)
    check_fs                                 0x0800282d   Thumb Code   138  ff.o(i.check_fs)
    i.chk_chr                                0x080028bc   Section        0  ff.o(i.chk_chr)
    chk_chr                                  0x080028bd   Thumb Code    20  ff.o(i.chk_chr)
    i.chk_mounted                            0x080028d0   Section        0  ff.o(i.chk_mounted)
    chk_mounted                              0x080028d1   Thumb Code   898  ff.o(i.chk_mounted)
    i.clust2sect                             0x08002c64   Section        0  ff.o(i.clust2sect)
    i.create_chain                           0x08002c7e   Section        0  ff.o(i.create_chain)
    create_chain                             0x08002c7f   Thumb Code   202  ff.o(i.create_chain)
    i.create_name                            0x08002d48   Section        0  ff.o(i.create_name)
    create_name                              0x08002d49   Thumb Code   336  ff.o(i.create_name)
    i.dir_find                               0x08002ea8   Section        0  ff.o(i.dir_find)
    dir_find                                 0x08002ea9   Thumb Code    92  ff.o(i.dir_find)
    i.dir_next                               0x08002f04   Section        0  ff.o(i.dir_next)
    dir_next                                 0x08002f05   Thumb Code   276  ff.o(i.dir_next)
    i.dir_register                           0x08003018   Section        0  ff.o(i.dir_register)
    dir_register                             0x08003019   Thumb Code   110  ff.o(i.dir_register)
    i.dir_sdi                                0x08003086   Section        0  ff.o(i.dir_sdi)
    dir_sdi                                  0x08003087   Thumb Code   156  ff.o(i.dir_sdi)
    i.disableUsartIt                         0x08003124   Section        0  fonctionsusart.o(i.disableUsartIt)
    i.disk_initialize                        0x08003130   Section        0  diskio.o(i.disk_initialize)
    i.disk_ioctl                             0x0800314a   Section        0  diskio.o(i.disk_ioctl)
    i.disk_read                              0x08003150   Section        0  diskio.o(i.disk_read)
    i.disk_status                            0x080031ea   Section        0  diskio.o(i.disk_status)
    i.disk_write                             0x08003200   Section        0  diskio.o(i.disk_write)
    i.enableUsartIt                          0x0800329c   Section        0  fonctionsusart.o(i.enableUsartIt)
    i.f_close                                0x080032a8   Section        0  ff.o(i.f_close)
    i.f_lseek                                0x080032be   Section        0  ff.o(i.f_lseek)
    i.f_mount                                0x08003470   Section        0  ff.o(i.f_mount)
    i.f_open                                 0x0800349c   Section        0  ff.o(i.f_open)
    i.f_stat                                 0x08003604   Section        0  ff.o(i.f_stat)
    i.f_sync                                 0x0800363e   Section        0  ff.o(i.f_sync)
    i.f_write                                0x080036f4   Section        0  ff.o(i.f_write)
    i.follow_path                            0x08003900   Section        0  ff.o(i.follow_path)
    follow_path                              0x08003901   Thumb Code   158  ff.o(i.follow_path)
    i.fputc                                  0x080039a0   Section        0  main.o(i.fputc)
    i.free                                   0x080039fc   Section        0  malloc.o(i.free)
    i.get_fat                                0x08003a4c   Section        0  ff.o(i.get_fat)
    i.get_fattime                            0x08003b30   Section        0  diskio.o(i.get_fattime)
    i.get_fileinfo                           0x08003b34   Section        0  ff.o(i.get_fileinfo)
    get_fileinfo                             0x08003b35   Thumb Code   152  ff.o(i.get_fileinfo)
    i.initialiserFile                        0x08003bcc   Section        0  fifo.o(i.initialiserFile)
    i.isUsartOk                              0x08003be0   Section        0  fonctionsusart.o(i.isUsartOk)
    i.main                                   0x08003bec   Section        0  main.o(i.main)
    i.malloc                                 0x080041c0   Section        0  malloc.o(i.malloc)
    i.mem_cmp                                0x0800422c   Section        0  ff.o(i.mem_cmp)
    mem_cmp                                  0x0800422d   Thumb Code    38  ff.o(i.mem_cmp)
    i.mem_cpy                                0x08004252   Section        0  ff.o(i.mem_cpy)
    mem_cpy                                  0x08004253   Thumb Code    26  ff.o(i.mem_cpy)
    i.mem_set                                0x0800426c   Section        0  ff.o(i.mem_set)
    mem_set                                  0x0800426d   Thumb Code    20  ff.o(i.mem_set)
    i.move_window                            0x08004280   Section        0  ff.o(i.move_window)
    move_window                              0x08004281   Thumb Code   114  ff.o(i.move_window)
    i.pull                                   0x080042f4   Section        0  fifo.o(i.pull)
    i.pullN                                  0x08004360   Section        0  fifo.o(i.pullN)
    i.push                                   0x080043a0   Section        0  fifo.o(i.push)
    i.put_fat                                0x080043e8   Section        0  ff.o(i.put_fat)
    i.remove_chain                           0x08004524   Section        0  ff.o(i.remove_chain)
    remove_chain                             0x08004525   Thumb Code   104  ff.o(i.remove_chain)
    i.sync                                   0x0800458c   Section        0  ff.o(i.sync)
    sync                                     0x0800458d   Thumb Code   202  ff.o(i.sync)
    i.validate                               0x08004656   Section        0  ff.o(i.validate)
    validate                                 0x08004657   Thumb Code    42  ff.o(i.validate)
    .constdata                               0x08004680   Section       82  main.o(.constdata)
    .data                                    0x10000000   Section       16  stm32f4xx_rcc.o(.data)
    APBAHBPrescTable                         0x10000000   Data          16  stm32f4xx_rcc.o(.data)
    .data                                    0x10000010   Section        6  ff.o(.data)
    FatFs                                    0x10000010   Data           4  ff.o(.data)
    Fsid                                     0x10000014   Data           2  ff.o(.data)
    .data                                    0x10000018   Section       24  stm32f4_discovery_sdio_sd.o(.data)
    CardType                                 0x10000018   Data           4  stm32f4_discovery_sdio_sd.o(.data)
    RCA                                      0x1000001c   Data           4  stm32f4_discovery_sdio_sd.o(.data)
    .data                                    0x10000030   Section       16  main.o(.data)
    last                                     0x10000030   Data           4  main.o(.data)
    last                                     0x10000034   Data           4  main.o(.data)
    .data                                    0x10000040   Section        8  stm32f4xx_it.o(.data)
    time_led                                 0x10000040   Data           4  stm32f4xx_it.o(.data)
    time_debounce_btn                        0x10000044   Data           4  stm32f4xx_it.o(.data)
    .data                                    0x10000048   Section        1  fonctionsusart.o(.data)
    .data                                    0x1000004c   Section       24  itdata.o(.data)
    .data                                    0x10000064   Section        4  mvars.o(.data)
    .data                                    0x10000068   Section        4  mvars.o(.data)
    .bss                                     0x10000070   Section      204  stm32f4_discovery_sdio_sd.o(.bss)
    CSD_Tab                                  0x10000070   Data          16  stm32f4_discovery_sdio_sd.o(.bss)
    CID_Tab                                  0x10000080   Data          16  stm32f4_discovery_sdio_sd.o(.bss)
    SDSTATUS_Tab                             0x10000090   Data          16  stm32f4_discovery_sdio_sd.o(.bss)
    HEAP                                     0x20000000   Section    65536  startup_stm32f4xx.o(HEAP)
    STACK                                    0x20010000   Section     4096  startup_stm32f4xx.o(STACK)

    Global Symbols

    Symbol Name                              Value     Ov Type        Size  Object(Section)

    BuildAttributes$$THM_ISAv4$E$P$D$K$B$S$7EM$PE$A:L22UL41UL21$X:L11$S22US41US21$IEEE1$IW$USESV6$~STKCKD$USESV7$~SHL$OSPACE$ROPI$EBA8$MICROLIB$REQ8$PRES8$EABIv2 0x00000000   Number         0  anon$$obj.o ABSOLUTE
    __ARM_use_no_argv                        0x00000000   Number         0  main.o ABSOLUTE
    __use_no_errno                           0x00000000   Number         0  useno.o ABSOLUTE
    __use_no_exception_handling              0x00000000   Number         0  useno.o ABSOLUTE
    __use_no_fp                              0x00000000   Number         0  useno.o ABSOLUTE
    __use_no_heap                            0x00000000   Number         0  useno.o ABSOLUTE
    __use_no_heap_region                     0x00000000   Number         0  useno.o ABSOLUTE
    __use_no_semihosting                     0x00000000   Number         0  useno.o ABSOLUTE
    __use_no_semihosting_swi                 0x00000000   Number         0  useno.o ABSOLUTE
    __use_no_signal_handling                 0x00000000   Number         0  useno.o ABSOLUTE
    _printf_a                                0x00000000   Number         0  stubs.o ABSOLUTE
    _printf_c                                0x00000000   Number         0  stubs.o ABSOLUTE
    _printf_charcount                        0x00000000   Number         0  stubs.o ABSOLUTE
    _printf_d                                0x00000000   Number         0  stubs.o ABSOLUTE
    _printf_e                                0x00000000   Number         0  stubs.o ABSOLUTE
    _printf_f                                0x00000000   Number         0  stubs.o ABSOLUTE
    _printf_flags                            0x00000000   Number         0  stubs.o ABSOLUTE
    _printf_fp_dec                           0x00000000   Number         0  stubs.o ABSOLUTE
    _printf_fp_hex                           0x00000000   Number         0  stubs.o ABSOLUTE
    _printf_g                                0x00000000   Number         0  stubs.o ABSOLUTE
    _printf_i                                0x00000000   Number         0  stubs.o ABSOLUTE
    _printf_int_dec                          0x00000000   Number         0  stubs.o ABSOLUTE
    _printf_l                                0x00000000   Number         0  stubs.o ABSOLUTE
    _printf_lc                               0x00000000   Number         0  stubs.o ABSOLUTE
    _printf_ll                               0x00000000   Number         0  stubs.o ABSOLUTE
    _printf_lld                              0x00000000   Number         0  stubs.o ABSOLUTE
    _printf_lli                              0x00000000   Number         0  stubs.o ABSOLUTE
    _printf_llo                              0x00000000   Number         0  stubs.o ABSOLUTE
    _printf_llu                              0x00000000   Number         0  stubs.o ABSOLUTE
    _printf_llx                              0x00000000   Number         0  stubs.o ABSOLUTE
    _printf_longlong_dec                     0x00000000   Number         0  stubs.o ABSOLUTE
    _printf_longlong_hex                     0x00000000   Number         0  stubs.o ABSOLUTE
    _printf_longlong_oct                     0x00000000   Number         0  stubs.o ABSOLUTE
    _printf_ls                               0x00000000   Number         0  stubs.o ABSOLUTE
    _printf_mbtowc                           0x00000000   Number         0  stubs.o ABSOLUTE
    _printf_n                                0x00000000   Number         0  stubs.o ABSOLUTE
    _printf_o                                0x00000000   Number         0  stubs.o ABSOLUTE
    _printf_p                                0x00000000   Number         0  stubs.o ABSOLUTE
    _printf_percent                          0x00000000   Number         0  stubs.o ABSOLUTE
    _printf_pre_padding                      0x00000000   Number         0  stubs.o ABSOLUTE
    _printf_return_value                     0x00000000   Number         0  stubs.o ABSOLUTE
    _printf_s                                0x00000000   Number         0  stubs.o ABSOLUTE
    _printf_sizespec                         0x00000000   Number         0  stubs.o ABSOLUTE
    _printf_str                              0x00000000   Number         0  stubs.o ABSOLUTE
    _printf_truncate_signed                  0x00000000   Number         0  stubs.o ABSOLUTE
    _printf_truncate_unsigned                0x00000000   Number         0  stubs.o ABSOLUTE
    _printf_u                                0x00000000   Number         0  stubs.o ABSOLUTE
    _printf_wc                               0x00000000   Number         0  stubs.o ABSOLUTE
    _printf_wctomb                           0x00000000   Number         0  stubs.o ABSOLUTE
    _printf_widthprec                        0x00000000   Number         0  stubs.o ABSOLUTE
    _printf_x                                0x00000000   Number         0  stubs.o ABSOLUTE
    __cpp_initialize__aeabi_                  - Undefined Weak Reference
    __cxa_finalize                            - Undefined Weak Reference
    __decompress                              - Undefined Weak Reference
    _clock_init                               - Undefined Weak Reference
    _microlib_exit                            - Undefined Weak Reference
    __Vectors_Size                           0x00000188   Number         0  startup_stm32f4xx.o ABSOLUTE
    __Vectors                                0x08000000   Data           4  startup_stm32f4xx.o(RESET)
    __Vectors_End                            0x08000188   Data           0  startup_stm32f4xx.o(RESET)
    __main                                   0x08000189   Thumb Code     0  entry.o(.ARM.Collect$$$$00000000)
    _main_stk                                0x08000189   Thumb Code     0  entry2.o(.ARM.Collect$$$$00000001)
    _main_scatterload                        0x0800018d   Thumb Code     0  entry5.o(.ARM.Collect$$$$00000004)
    __main_after_scatterload                 0x08000191   Thumb Code     0  entry5.o(.ARM.Collect$$$$00000004)
    _main_clock                              0x08000191   Thumb Code     0  entry7b.o(.ARM.Collect$$$$00000008)
    _main_cpp_init                           0x08000191   Thumb Code     0  entry8b.o(.ARM.Collect$$$$0000000A)
    _main_init                               0x08000191   Thumb Code     0  entry9a.o(.ARM.Collect$$$$0000000B)
    __rt_final_cpp                           0x08000199   Thumb Code     0  entry10a.o(.ARM.Collect$$$$0000000D)
    __rt_final_exit                          0x08000199   Thumb Code     0  entry11a.o(.ARM.Collect$$$$0000000F)
    Reset_Handler                            0x0800019d   Thumb Code    18  startup_stm32f4xx.o(.text)
    ADC_IRQHandler                           0x080001c3   Thumb Code     0  startup_stm32f4xx.o(.text)
    CAN1_RX0_IRQHandler                      0x080001c3   Thumb Code     0  startup_stm32f4xx.o(.text)
    CAN1_RX1_IRQHandler                      0x080001c3   Thumb Code     0  startup_stm32f4xx.o(.text)
    CAN1_SCE_IRQHandler                      0x080001c3   Thumb Code     0  startup_stm32f4xx.o(.text)
    CAN1_TX_IRQHandler                       0x080001c3   Thumb Code     0  startup_stm32f4xx.o(.text)
    CAN2_RX0_IRQHandler                      0x080001c3   Thumb Code     0  startup_stm32f4xx.o(.text)
    CAN2_RX1_IRQHandler                      0x080001c3   Thumb Code     0  startup_stm32f4xx.o(.text)
    CAN2_SCE_IRQHandler                      0x080001c3   Thumb Code     0  startup_stm32f4xx.o(.text)
    CAN2_TX_IRQHandler                       0x080001c3   Thumb Code     0  startup_stm32f4xx.o(.text)
    CRYP_IRQHandler                          0x080001c3   Thumb Code     0  startup_stm32f4xx.o(.text)
    DCMI_IRQHandler                          0x080001c3   Thumb Code     0  startup_stm32f4xx.o(.text)
    DMA1_Stream0_IRQHandler                  0x080001c3   Thumb Code     0  startup_stm32f4xx.o(.text)
    DMA1_Stream1_IRQHandler                  0x080001c3   Thumb Code     0  startup_stm32f4xx.o(.text)
    DMA1_Stream2_IRQHandler                  0x080001c3   Thumb Code     0  startup_stm32f4xx.o(.text)
    DMA1_Stream3_IRQHandler                  0x080001c3   Thumb Code     0  startup_stm32f4xx.o(.text)
    DMA1_Stream4_IRQHandler                  0x080001c3   Thumb Code     0  startup_stm32f4xx.o(.text)
    DMA1_Stream5_IRQHandler                  0x080001c3   Thumb Code     0  startup_stm32f4xx.o(.text)
    DMA1_Stream6_IRQHandler                  0x080001c3   Thumb Code     0  startup_stm32f4xx.o(.text)
    DMA1_Stream7_IRQHandler                  0x080001c3   Thumb Code     0  startup_stm32f4xx.o(.text)
    DMA2_Stream0_IRQHandler                  0x080001c3   Thumb Code     0  startup_stm32f4xx.o(.text)
    DMA2_Stream1_IRQHandler                  0x080001c3   Thumb Code     0  startup_stm32f4xx.o(.text)
    DMA2_Stream2_IRQHandler                  0x080001c3   Thumb Code     0  startup_stm32f4xx.o(.text)
    DMA2_Stream3_IRQHandler                  0x080001c3   Thumb Code     0  startup_stm32f4xx.o(.text)
    DMA2_Stream4_IRQHandler                  0x080001c3   Thumb Code     0  startup_stm32f4xx.o(.text)
    DMA2_Stream5_IRQHandler                  0x080001c3   Thumb Code     0  startup_stm32f4xx.o(.text)
    DMA2_Stream6_IRQHandler                  0x080001c3   Thumb Code     0  startup_stm32f4xx.o(.text)
    DMA2_Stream7_IRQHandler                  0x080001c3   Thumb Code     0  startup_stm32f4xx.o(.text)
    ETH_IRQHandler                           0x080001c3   Thumb Code     0  startup_stm32f4xx.o(.text)
    ETH_WKUP_IRQHandler                      0x080001c3   Thumb Code     0  startup_stm32f4xx.o(.text)
    EXTI15_10_IRQHandler                     0x080001c3   Thumb Code     0  startup_stm32f4xx.o(.text)
    EXTI1_IRQHandler                         0x080001c3   Thumb Code     0  startup_stm32f4xx.o(.text)
    EXTI2_IRQHandler                         0x080001c3   Thumb Code     0  startup_stm32f4xx.o(.text)
    EXTI3_IRQHandler                         0x080001c3   Thumb Code     0  startup_stm32f4xx.o(.text)
    EXTI4_IRQHandler                         0x080001c3   Thumb Code     0  startup_stm32f4xx.o(.text)
    EXTI9_5_IRQHandler                       0x080001c3   Thumb Code     0  startup_stm32f4xx.o(.text)
    FLASH_IRQHandler                         0x080001c3   Thumb Code     0  startup_stm32f4xx.o(.text)
    FPU_IRQHandler                           0x080001c3   Thumb Code     0  startup_stm32f4xx.o(.text)
    FSMC_IRQHandler                          0x080001c3   Thumb Code     0  startup_stm32f4xx.o(.text)
    HASH_RNG_IRQHandler                      0x080001c3   Thumb Code     0  startup_stm32f4xx.o(.text)
    I2C1_ER_IRQHandler                       0x080001c3   Thumb Code     0  startup_stm32f4xx.o(.text)
    I2C1_EV_IRQHandler                       0x080001c3   Thumb Code     0  startup_stm32f4xx.o(.text)
    I2C2_ER_IRQHandler                       0x080001c3   Thumb Code     0  startup_stm32f4xx.o(.text)
    I2C2_EV_IRQHandler                       0x080001c3   Thumb Code     0  startup_stm32f4xx.o(.text)
    I2C3_ER_IRQHandler                       0x080001c3   Thumb Code     0  startup_stm32f4xx.o(.text)
    I2C3_EV_IRQHandler                       0x080001c3   Thumb Code     0  startup_stm32f4xx.o(.text)
    OTG_FS_IRQHandler                        0x080001c3   Thumb Code     0  startup_stm32f4xx.o(.text)
    OTG_FS_WKUP_IRQHandler                   0x080001c3   Thumb Code     0  startup_stm32f4xx.o(.text)
    OTG_HS_EP1_IN_IRQHandler                 0x080001c3   Thumb Code     0  startup_stm32f4xx.o(.text)
    OTG_HS_EP1_OUT_IRQHandler                0x080001c3   Thumb Code     0  startup_stm32f4xx.o(.text)
    OTG_HS_IRQHandler                        0x080001c3   Thumb Code     0  startup_stm32f4xx.o(.text)
    OTG_HS_WKUP_IRQHandler                   0x080001c3   Thumb Code     0  startup_stm32f4xx.o(.text)
    PVD_IRQHandler                           0x080001c3   Thumb Code     0  startup_stm32f4xx.o(.text)
    RCC_IRQHandler                           0x080001c3   Thumb Code     0  startup_stm32f4xx.o(.text)
    RTC_Alarm_IRQHandler                     0x080001c3   Thumb Code     0  startup_stm32f4xx.o(.text)
    RTC_WKUP_IRQHandler                      0x080001c3   Thumb Code     0  startup_stm32f4xx.o(.text)
    SPI1_IRQHandler                          0x080001c3   Thumb Code     0  startup_stm32f4xx.o(.text)
    SPI2_IRQHandler                          0x080001c3   Thumb Code     0  startup_stm32f4xx.o(.text)
    SPI3_IRQHandler                          0x080001c3   Thumb Code     0  startup_stm32f4xx.o(.text)
    TAMP_STAMP_IRQHandler                    0x080001c3   Thumb Code     0  startup_stm32f4xx.o(.text)
    TIM1_BRK_TIM9_IRQHandler                 0x080001c3   Thumb Code     0  startup_stm32f4xx.o(.text)
    TIM1_CC_IRQHandler                       0x080001c3   Thumb Code     0  startup_stm32f4xx.o(.text)
    TIM1_TRG_COM_TIM11_IRQHandler            0x080001c3   Thumb Code     0  startup_stm32f4xx.o(.text)
    TIM1_UP_TIM10_IRQHandler                 0x080001c3   Thumb Code     0  startup_stm32f4xx.o(.text)
    TIM3_IRQHandler                          0x080001c3   Thumb Code     0  startup_stm32f4xx.o(.text)
    TIM4_IRQHandler                          0x080001c3   Thumb Code     0  startup_stm32f4xx.o(.text)
    TIM5_IRQHandler                          0x080001c3   Thumb Code     0  startup_stm32f4xx.o(.text)
    TIM6_DAC_IRQHandler                      0x080001c3   Thumb Code     0  startup_stm32f4xx.o(.text)
    TIM7_IRQHandler                          0x080001c3   Thumb Code     0  startup_stm32f4xx.o(.text)
    TIM8_BRK_TIM12_IRQHandler                0x080001c3   Thumb Code     0  startup_stm32f4xx.o(.text)
    TIM8_CC_IRQHandler                       0x080001c3   Thumb Code     0  startup_stm32f4xx.o(.text)
    TIM8_TRG_COM_TIM14_IRQHandler            0x080001c3   Thumb Code     0  startup_stm32f4xx.o(.text)
    TIM8_UP_TIM13_IRQHandler                 0x080001c3   Thumb Code     0  startup_stm32f4xx.o(.text)
    UART4_IRQHandler                         0x080001c3   Thumb Code     0  startup_stm32f4xx.o(.text)
    UART5_IRQHandler                         0x080001c3   Thumb Code     0  startup_stm32f4xx.o(.text)
    USART1_IRQHandler                        0x080001c3   Thumb Code     0  startup_stm32f4xx.o(.text)
    USART6_IRQHandler                        0x080001c3   Thumb Code     0  startup_stm32f4xx.o(.text)
    WWDG_IRQHandler                          0x080001c3   Thumb Code     0  startup_stm32f4xx.o(.text)
    __aeabi_memcpy                           0x080001d1   Thumb Code    36  memcpya.o(.text)
    __aeabi_memcpy4                          0x080001d1   Thumb Code     0  memcpya.o(.text)
    __aeabi_memcpy8                          0x080001d1   Thumb Code     0  memcpya.o(.text)
    __aeabi_memset                           0x080001f5   Thumb Code    14  memseta.o(.text)
    __aeabi_memset4                          0x080001f5   Thumb Code     0  memseta.o(.text)
    __aeabi_memset8                          0x080001f5   Thumb Code     0  memseta.o(.text)
    __aeabi_memclr                           0x08000203   Thumb Code     4  memseta.o(.text)
    __aeabi_memclr4                          0x08000203   Thumb Code     0  memseta.o(.text)
    __aeabi_memclr8                          0x08000203   Thumb Code     0  memseta.o(.text)
    _memset$wrapper                          0x08000207   Thumb Code    18  memseta.o(.text)
    strlen                                   0x08000219   Thumb Code    14  strlen.o(.text)
    __aeabi_uidiv                            0x08000227   Thumb Code     0  uidiv.o(.text)
    __aeabi_uidivmod                         0x08000227   Thumb Code    44  uidiv.o(.text)
    __scatterload                            0x08000255   Thumb Code    28  init.o(.text)
    __scatterload_rt2                        0x08000255   Thumb Code     0  init.o(.text)
    BusFault_Handler                         0x08000279   Thumb Code     4  stm32f4xx_it.o(i.BusFault_Handler)
    DMA_ClearFlag                            0x08000541   Thumb Code    38  stm32f4xx_dma.o(i.DMA_ClearFlag)
    DMA_Cmd                                  0x08000575   Thumb Code    22  stm32f4xx_dma.o(i.DMA_Cmd)
    DMA_DeInit                               0x0800058d   Thumb Code   324  stm32f4xx_dma.o(i.DMA_DeInit)
    DMA_FlowControllerConfig                 0x080006e5   Thumb Code    22  stm32f4xx_dma.o(i.DMA_FlowControllerConfig)
    DMA_ITConfig                             0x080006fb   Thumb Code    58  stm32f4xx_dma.o(i.DMA_ITConfig)
    DMA_Init                                 0x08000735   Thumb Code    82  stm32f4xx_dma.o(i.DMA_Init)
    DebugMon_Handler                         0x0800078d   Thumb Code     2  stm32f4xx_it.o(i.DebugMon_Handler)
    EXTI0_IRQHandler                         0x08000791   Thumb Code    66  stm32f4xx_it.o(i.EXTI0_IRQHandler)
    EXTILine0_Config                         0x080007dd   Thumb Code    76  fonctionsinit.o(i.EXTILine0_Config)
    EXTI_ClearFlag                           0x08000829   Thumb Code     6  stm32f4xx_exti.o(i.EXTI_ClearFlag)
    EXTI_ClearITPendingBit                   0x08000835   Thumb Code     6  stm32f4xx_exti.o(i.EXTI_ClearITPendingBit)
    EXTI_GetITStatus                         0x08000841   Thumb Code    34  stm32f4xx_exti.o(i.EXTI_GetITStatus)
    EXTI_Init                                0x08000869   Thumb Code   142  stm32f4xx_exti.o(i.EXTI_Init)
    GPIO_Configuration                       0x08000a8d   Thumb Code    94  fonctionsinit.o(i.GPIO_Configuration)
    GPIO_Init                                0x08000af5   Thumb Code   144  stm32f4xx_gpio.o(i.GPIO_Init)
    GPIO_PinAFConfig                         0x08000b85   Thumb Code    70  stm32f4xx_gpio.o(i.GPIO_PinAFConfig)
    GPIO_ReadInputDataBit                    0x08000bcb   Thumb Code    18  stm32f4xx_gpio.o(i.GPIO_ReadInputDataBit)
    GPIO_ResetBits                           0x08000bdd   Thumb Code     4  stm32f4xx_gpio.o(i.GPIO_ResetBits)
    GPIO_SetBits                             0x08000be1   Thumb Code     4  stm32f4xx_gpio.o(i.GPIO_SetBits)
    GPIO_ToggleBits                          0x08000be5   Thumb Code     8  stm32f4xx_gpio.o(i.GPIO_ToggleBits)
    HardFault_Handler                        0x08000bed   Thumb Code     4  stm32f4xx_it.o(i.HardFault_Handler)
    Init_Uart2                               0x08000bf1   Thumb Code   200  fonctionsinit.o(i.Init_Uart2)
    Init_Uart3                               0x08000cc1   Thumb Code   156  fonctionsinit.o(i.Init_Uart3)
    MemManage_Handler                        0x08000d65   Thumb Code     4  stm32f4xx_it.o(i.MemManage_Handler)
    NMI_Handler                              0x08000d69   Thumb Code     2  stm32f4xx_it.o(i.NMI_Handler)
    NVIC_Configuration                       0x08000d6b   Thumb Code    40  main.o(i.NVIC_Configuration)
    NVIC_Init                                0x08000d95   Thumb Code   108  misc.o(i.NVIC_Init)
    NVIC_PriorityGroupConfig                 0x08000e0d   Thumb Code    10  misc.o(i.NVIC_PriorityGroupConfig)
    PendSV_Handler                           0x08000e21   Thumb Code     2  stm32f4xx_it.o(i.PendSV_Handler)
    RCC_AHB1PeriphClockCmd                   0x08000e25   Thumb Code    26  stm32f4xx_rcc.o(i.RCC_AHB1PeriphClockCmd)
    RCC_APB1PeriphClockCmd                   0x08000e45   Thumb Code    26  stm32f4xx_rcc.o(i.RCC_APB1PeriphClockCmd)
    RCC_APB2PeriphClockCmd                   0x08000e65   Thumb Code    26  stm32f4xx_rcc.o(i.RCC_APB2PeriphClockCmd)
    RCC_APB2PeriphResetCmd                   0x08000e85   Thumb Code    26  stm32f4xx_rcc.o(i.RCC_APB2PeriphResetCmd)
    RCC_GetClocksFreq                        0x08000ea5   Thumb Code   214  stm32f4xx_rcc.o(i.RCC_GetClocksFreq)
    SDIO_ClearFlag                           0x080010a5   Thumb Code     6  stm32f4xx_sdio.o(i.SDIO_ClearFlag)
    SDIO_ClearITPendingBit                   0x080010b1   Thumb Code     6  stm32f4xx_sdio.o(i.SDIO_ClearITPendingBit)
    SDIO_ClockCmd                            0x080010bd   Thumb Code     6  stm32f4xx_sdio.o(i.SDIO_ClockCmd)
    SDIO_DMACmd                              0x080010c9   Thumb Code     6  stm32f4xx_sdio.o(i.SDIO_DMACmd)
    SDIO_DataConfig                          0x080010d5   Thumb Code    46  stm32f4xx_sdio.o(i.SDIO_DataConfig)
    SDIO_DeInit                              0x08001109   Thumb Code    22  stm32f4xx_sdio.o(i.SDIO_DeInit)
    SDIO_GetCommandResponse                  0x08001121   Thumb Code     8  stm32f4xx_sdio.o(i.SDIO_GetCommandResponse)
    SDIO_GetFlagStatus                       0x0800112d   Thumb Code    20  stm32f4xx_sdio.o(i.SDIO_GetFlagStatus)
    SDIO_GetITStatus                         0x08001145   Thumb Code    20  stm32f4xx_sdio.o(i.SDIO_GetITStatus)
    SDIO_GetPowerState                       0x0800115d   Thumb Code    10  stm32f4xx_sdio.o(i.SDIO_GetPowerState)
    SDIO_GetResponse                         0x0800116d   Thumb Code    20  stm32f4xx_sdio.o(i.SDIO_GetResponse)
    SDIO_IRQHandler                          0x08001185   Thumb Code     8  stm32f4xx_it.o(i.SDIO_IRQHandler)
    SDIO_ITConfig                            0x0800118d   Thumb Code    26  stm32f4xx_sdio.o(i.SDIO_ITConfig)
    SDIO_Init                                0x080011ad   Thumb Code    42  stm32f4xx_sdio.o(i.SDIO_Init)
    SDIO_ReadData                            0x080011dd   Thumb Code     6  stm32f4xx_sdio.o(i.SDIO_ReadData)
    SDIO_SendCommand                         0x080011e9   Thumb Code    40  stm32f4xx_sdio.o(i.SDIO_SendCommand)
    SDIO_SetPowerState                       0x08001215   Thumb Code     6  stm32f4xx_sdio.o(i.SDIO_SetPowerState)
    SD_Detect                                0x08001221   Thumb Code    26  stm32f4_discovery_sdio_sd.o(i.SD_Detect)
    SD_EnableWideBusOperation                0x08001241   Thumb Code   140  stm32f4_discovery_sdio_sd.o(i.SD_EnableWideBusOperation)
    SD_GetCardInfo                           0x080012d5   Thumb Code   788  stm32f4_discovery_sdio_sd.o(i.SD_GetCardInfo)
    SD_GetState                              0x080015f9   Thumb Code    38  stm32f4_discovery_sdio_sd.o(i.SD_GetState)
    SD_GetStatus                             0x0800161f   Thumb Code    30  stm32f4_discovery_sdio_sd.o(i.SD_GetStatus)
    SD_Init                                  0x0800163d   Thumb Code   124  stm32f4_discovery_sdio_sd.o(i.SD_Init)
    SD_InitializeCards                       0x080016c1   Thumb Code   294  stm32f4_discovery_sdio_sd.o(i.SD_InitializeCards)
    SD_LowLevel_DMA_RxConfig                 0x080017fd   Thumb Code   132  stm32f4_discovery.o(i.SD_LowLevel_DMA_RxConfig)
    SD_LowLevel_DMA_TxConfig                 0x08001889   Thumb Code   134  stm32f4_discovery.o(i.SD_LowLevel_DMA_TxConfig)
    SD_LowLevel_Init                         0x08001919   Thumb Code   182  stm32f4_discovery.o(i.SD_LowLevel_Init)
    SD_PowerON                               0x080019d9   Thumb Code   400  stm32f4_discovery_sdio_sd.o(i.SD_PowerON)
    SD_ProcessIRQSrc                         0x08001b79   Thumb Code   162  stm32f4_discovery_sdio_sd.o(i.SD_ProcessIRQSrc)
    SD_ReadMultiBlocksFIXED                  0x08001c25   Thumb Code   206  stm32f4_discovery_sdio_sd.o(i.SD_ReadMultiBlocksFIXED)
    SD_SelectDeselect                        0x08001d11   Thumb Code    48  stm32f4_discovery_sdio_sd.o(i.SD_SelectDeselect)
    SD_SendStatus                            0x08001d45   Thumb Code    74  stm32f4_discovery_sdio_sd.o(i.SD_SendStatus)
    SD_StopTransfer                          0x08001d99   Thumb Code    46  stm32f4_discovery_sdio_sd.o(i.SD_StopTransfer)
    SD_WaitReadOperation                     0x08001dcd   Thumb Code   102  stm32f4_discovery_sdio_sd.o(i.SD_WaitReadOperation)
    SD_WaitWriteOperation                    0x08001e49   Thumb Code   102  stm32f4_discovery_sdio_sd.o(i.SD_WaitWriteOperation)
    SD_WriteMultiBlocksFIXED                 0x08001ec5   Thumb Code   296  stm32f4_discovery_sdio_sd.o(i.SD_WriteMultiBlocksFIXED)
    SVC_Handler                              0x0800200d   Thumb Code     2  stm32f4xx_it.o(i.SVC_Handler)
    SYSCFG_EXTILineConfig                    0x08002011   Thumb Code    60  stm32f4xx_syscfg.o(i.SYSCFG_EXTILineConfig)
    SysTick_Handler                          0x08002171   Thumb Code     2  stm32f4xx_it.o(i.SysTick_Handler)
    SystemInit                               0x08002175   Thumb Code    74  system_stm32f4xx.o(i.SystemInit)
    TIM2_IRQHandler                          0x080021d1   Thumb Code   136  stm32f4xx_it.o(i.TIM2_IRQHandler)
    TIM_ClearITPendingBit                    0x0800226d   Thumb Code     6  stm32f4xx_tim.o(i.TIM_ClearITPendingBit)
    TIM_Cmd                                  0x08002273   Thumb Code    24  stm32f4xx_tim.o(i.TIM_Cmd)
    TIM_GetITStatus                          0x0800228b   Thumb Code    34  stm32f4xx_tim.o(i.TIM_GetITStatus)
    TIM_ITConfig                             0x080022ad   Thumb Code    18  stm32f4xx_tim.o(i.TIM_ITConfig)
    TIM_SetCounter                           0x080022bf   Thumb Code     4  stm32f4xx_tim.o(i.TIM_SetCounter)
    TIM_TimeBaseInit                         0x080022c5   Thumb Code   104  stm32f4xx_tim.o(i.TIM_TimeBaseInit)
    Timer2_Config                            0x08002349   Thumb Code   100  fonctionsinit.o(i.Timer2_Config)
    USART2_IRQHandler                        0x080023ad   Thumb Code   104  stm32f4xx_it.o(i.USART2_IRQHandler)
    USART3_IRQHandler                        0x08002429   Thumb Code   104  stm32f4xx_it.o(i.USART3_IRQHandler)
    USART_ClearITPendingBit                  0x080024a5   Thumb Code    30  stm32f4xx_usart.o(i.USART_ClearITPendingBit)
    USART_Cmd                                0x080024c3   Thumb Code    24  stm32f4xx_usart.o(i.USART_Cmd)
    USART_GetFlagStatus                      0x080024db   Thumb Code    26  stm32f4xx_usart.o(i.USART_GetFlagStatus)
    USART_GetITStatus                        0x080024f5   Thumb Code    84  stm32f4xx_usart.o(i.USART_GetITStatus)
    USART_ITConfig                           0x08002549   Thumb Code    74  stm32f4xx_usart.o(i.USART_ITConfig)
    USART_Init                               0x08002595   Thumb Code   204  stm32f4xx_usart.o(i.USART_Init)
    USART_SendData                           0x08002669   Thumb Code     8  stm32f4xx_usart.o(i.USART_SendData)
    USART_puts                               0x08002671   Thumb Code    36  fonctionsusart.o(i.USART_puts)
    UsageFault_Handler                       0x08002695   Thumb Code     4  stm32f4xx_it.o(i.UsageFault_Handler)
    __0printf$1                              0x08002699   Thumb Code    22  printf1.o(i.__0printf$1)
    __1printf$1                              0x08002699   Thumb Code     0  printf1.o(i.__0printf$1)
    __2printf                                0x08002699   Thumb Code     0  printf1.o(i.__0printf$1)
    __scatterload_copy                       0x080026b9   Thumb Code    14  handlers.o(i.__scatterload_copy)
    __scatterload_null                       0x080026c7   Thumb Code     2  handlers.o(i.__scatterload_null)
    __scatterload_zeroinit                   0x080026c9   Thumb Code    14  handlers.o(i.__scatterload_zeroinit)
    clust2sect                               0x08002c65   Thumb Code    26  ff.o(i.clust2sect)
    disableUsartIt                           0x08003125   Thumb Code     8  fonctionsusart.o(i.disableUsartIt)
    disk_initialize                          0x08003131   Thumb Code    26  diskio.o(i.disk_initialize)
    disk_ioctl                               0x0800314b   Thumb Code     6  diskio.o(i.disk_ioctl)
    disk_read                                0x08003151   Thumb Code   154  diskio.o(i.disk_read)
    disk_status                              0x080031eb   Thumb Code    22  diskio.o(i.disk_status)
    disk_write                               0x08003201   Thumb Code   154  diskio.o(i.disk_write)
    enableUsartIt                            0x0800329d   Thumb Code     8  fonctionsusart.o(i.enableUsartIt)
    f_close                                  0x080032a9   Thumb Code    22  ff.o(i.f_close)
    f_lseek                                  0x080032bf   Thumb Code   432  ff.o(i.f_lseek)
    f_mount                                  0x08003471   Thumb Code    38  ff.o(i.f_mount)
    f_open                                   0x0800349d   Thumb Code   360  ff.o(i.f_open)
    f_stat                                   0x08003605   Thumb Code    58  ff.o(i.f_stat)
    f_sync                                   0x0800363f   Thumb Code   182  ff.o(i.f_sync)
    f_write                                  0x080036f5   Thumb Code   524  ff.o(i.f_write)
    fputc                                    0x080039a1   Thumb Code    82  main.o(i.fputc)
    free                                     0x080039fd   Thumb Code    76  malloc.o(i.free)
    get_fat                                  0x08003a4d   Thumb Code   228  ff.o(i.get_fat)
    get_fattime                              0x08003b31   Thumb Code     4  diskio.o(i.get_fattime)
    initialiserFile                          0x08003bcd   Thumb Code    18  fifo.o(i.initialiserFile)
    isUsartOk                                0x08003be1   Thumb Code     6  fonctionsusart.o(i.isUsartOk)
    main                                     0x08003bed   Thumb Code   964  main.o(i.main)
    malloc                                   0x080041c1   Thumb Code    92  malloc.o(i.malloc)
    pull                                     0x080042f5   Thumb Code    86  fifo.o(i.pull)
    pullN                                    0x08004361   Thumb Code    52  fifo.o(i.pullN)
    push                                     0x080043a1   Thumb Code    60  fifo.o(i.push)
    put_fat                                  0x080043e9   Thumb Code   316  ff.o(i.put_fat)
    head_txt2                                0x08004680   Data          31  main.o(.constdata)
    head_txt3                                0x0800469f   Data          31  main.o(.constdata)
    file2_path                               0x080046be   Data          10  main.o(.constdata)
    file3_path                               0x080046c8   Data          10  main.o(.constdata)
    Region$$Table$$Base                      0x080046d4   Number         0  anon$$obj.o(Region$$Table)
    Region$$Table$$Limit                     0x08004704   Number         0  anon$$obj.o(Region$$Table)
    StopCondition                            0x10000020   Data           4  stm32f4_discovery_sdio_sd.o(.data)
    TransferError                            0x10000024   Data           1  stm32f4_discovery_sdio_sd.o(.data)
    TransferEnd                              0x10000028   Data           4  stm32f4_discovery_sdio_sd.o(.data)
    DMAEndOfTransfer                         0x1000002c   Data           4  stm32f4_discovery_sdio_sd.o(.data)
    __stdout                                 0x10000038   Data           4  main.o(.data)
    __stdin                                  0x1000003c   Data           4  main.o(.data)
    inibUsart                                0x10000048   Data           1  fonctionsusart.o(.data)
    etatBtBleu                               0x1000004c   Data           1  itdata.o(.data)
    led_gr_blink                             0x1000004d   Data           1  itdata.o(.data)
    debounce_btn_en                          0x1000004e   Data           1  itdata.o(.data)
    flag_fileUart2Ready                      0x1000004f   Data           1  itdata.o(.data)
    flag_fileUart3Ready                      0x10000050   Data           1  itdata.o(.data)
    nbCaractUart2                            0x10000054   Data           4  itdata.o(.data)
    nbCaractUart3                            0x10000058   Data           4  itdata.o(.data)
    fileUart2                                0x1000005c   Data           4  itdata.o(.data)
    fileUart3                                0x10000060   Data           4  itdata.o(.data)
    __microlib_freelist                      0x10000064   Data           4  mvars.o(.data)
    __microlib_freelist_initialised          0x10000068   Data           4  mvars.o(.data)
    SDCardInfo                               0x100000a0   Data          88  stm32f4_discovery_sdio_sd.o(.bss)
    SDIO_InitStructure                       0x100000f8   Data          24  stm32f4_discovery_sdio_sd.o(.bss)
    SDIO_CmdInitStructure                    0x10000110   Data          20  stm32f4_discovery_sdio_sd.o(.bss)
    SDIO_DataInitStructure                   0x10000124   Data          24  stm32f4_discovery_sdio_sd.o(.bss)
    __heap_base                              0x20000000   Data           0  startup_stm32f4xx.o(HEAP)
    __heap_limit                             0x20010000   Data           0  startup_stm32f4xx.o(HEAP)
    __initial_sp                             0x20011000   Data           0  startup_stm32f4xx.o(STACK)



==============================================================================

Memory Map of the image

  Image Entry point : 0x08000189

  Load Region LR_IROM1 (Base: 0x08000000, Size: 0x00004770, Max: 0x00100000, ABSOLUTE)

    Execution Region ER_IROM1 (Base: 0x08000000, Size: 0x00004704, Max: 0x00100000, ABSOLUTE)

    Base Addr    Size         Type   Attr      Idx    E Section Name        Object

    0x08000000   0x00000188   Data   RO         1749    RESET               startup_stm32f4xx.o
    0x08000188   0x00000000   Code   RO         2870  * .ARM.Collect$$$$00000000  mc_w.l(entry.o)
    0x08000188   0x00000004   Code   RO         3170    .ARM.Collect$$$$00000001  mc_w.l(entry2.o)
    0x0800018c   0x00000004   Code   RO         3173    .ARM.Collect$$$$00000004  mc_w.l(entry5.o)
    0x08000190   0x00000000   Code   RO         3175    .ARM.Collect$$$$00000008  mc_w.l(entry7b.o)
    0x08000190   0x00000000   Code   RO         3177    .ARM.Collect$$$$0000000A  mc_w.l(entry8b.o)
    0x08000190   0x00000008   Code   RO         3178    .ARM.Collect$$$$0000000B  mc_w.l(entry9a.o)
    0x08000198   0x00000000   Code   RO         3180    .ARM.Collect$$$$0000000D  mc_w.l(entry10a.o)
    0x08000198   0x00000000   Code   RO         3182    .ARM.Collect$$$$0000000F  mc_w.l(entry11a.o)
    0x08000198   0x00000004   Code   RO         3171    .ARM.Collect$$$$00002712  mc_w.l(entry2.o)
    0x0800019c   0x00000034   Code   RO         1750    .text               startup_stm32f4xx.o
    0x080001d0   0x00000024   Code   RO         2873    .text               mc_w.l(memcpya.o)
    0x080001f4   0x00000024   Code   RO         2875    .text               mc_w.l(memseta.o)
    0x08000218   0x0000000e   Code   RO         2877    .text               mc_w.l(strlen.o)
    0x08000226   0x0000002c   Code   RO         3184    .text               mc_w.l(uidiv.o)
    0x08000252   0x00000002   PAD
    0x08000254   0x00000024   Code   RO         3201    .text               mc_w.l(init.o)
    0x08000278   0x00000004   Code   RO         2594    i.BusFault_Handler  stm32f4xx_it.o
    0x0800027c   0x0000002c   Code   RO         2140    i.CmdError          stm32f4_discovery_sdio_sd.o
    0x080002a8   0x00000130   Code   RO         2141    i.CmdResp1Error     stm32f4_discovery_sdio_sd.o
    0x080003d8   0x00000048   Code   RO         2142    i.CmdResp2Error     stm32f4_discovery_sdio_sd.o
    0x08000420   0x00000038   Code   RO         2143    i.CmdResp3Error     stm32f4_discovery_sdio_sd.o
    0x08000458   0x0000009c   Code   RO         2144    i.CmdResp6Error     stm32f4_discovery_sdio_sd.o
    0x080004f4   0x0000004c   Code   RO         2145    i.CmdResp7Error     stm32f4_discovery_sdio_sd.o
    0x08000540   0x00000034   Code   RO         1053    i.DMA_ClearFlag     stm32f4xx_dma.o
    0x08000574   0x00000016   Code   RO         1055    i.DMA_Cmd           stm32f4xx_dma.o
    0x0800058a   0x00000002   PAD
    0x0800058c   0x00000158   Code   RO         1056    i.DMA_DeInit        stm32f4xx_dma.o
    0x080006e4   0x00000016   Code   RO         1059    i.DMA_FlowControllerConfig  stm32f4xx_dma.o
    0x080006fa   0x0000003a   Code   RO         1066    i.DMA_ITConfig      stm32f4xx_dma.o
    0x08000734   0x00000058   Code   RO         1067    i.DMA_Init          stm32f4xx_dma.o
    0x0800078c   0x00000002   Code   RO         2595    i.DebugMon_Handler  stm32f4xx_it.o
    0x0800078e   0x00000002   PAD
    0x08000790   0x0000004c   Code   RO         2596    i.EXTI0_IRQHandler  stm32f4xx_it.o
    0x080007dc   0x0000004c   Code   RO         2758    i.EXTILine0_Config  fonctionsinit.o
    0x08000828   0x0000000c   Code   RO          154    i.EXTI_ClearFlag    stm32f4xx_exti.o
    0x08000834   0x0000000c   Code   RO          155    i.EXTI_ClearITPendingBit  stm32f4xx_exti.o
    0x08000840   0x00000028   Code   RO          159    i.EXTI_GetITStatus  stm32f4xx_exti.o
    0x08000868   0x00000094   Code   RO          160    i.EXTI_Init         stm32f4xx_exti.o
    0x080008fc   0x00000190   Code   RO         2146    i.FindSCR           stm32f4_discovery_sdio_sd.o
    0x08000a8c   0x00000068   Code   RO         2759    i.GPIO_Configuration  fonctionsinit.o
    0x08000af4   0x00000090   Code   RO          223    i.GPIO_Init         stm32f4xx_gpio.o
    0x08000b84   0x00000046   Code   RO          224    i.GPIO_PinAFConfig  stm32f4xx_gpio.o
    0x08000bca   0x00000012   Code   RO          227    i.GPIO_ReadInputDataBit  stm32f4xx_gpio.o
    0x08000bdc   0x00000004   Code   RO          230    i.GPIO_ResetBits    stm32f4xx_gpio.o
    0x08000be0   0x00000004   Code   RO          231    i.GPIO_SetBits      stm32f4xx_gpio.o
    0x08000be4   0x00000008   Code   RO          233    i.GPIO_ToggleBits   stm32f4xx_gpio.o
    0x08000bec   0x00000004   Code   RO         2597    i.HardFault_Handler  stm32f4xx_it.o
    0x08000bf0   0x000000d0   Code   RO         2760    i.Init_Uart2        fonctionsinit.o
    0x08000cc0   0x000000a4   Code   RO         2761    i.Init_Uart3        fonctionsinit.o
    0x08000d64   0x00000004   Code   RO         2598    i.MemManage_Handler  stm32f4xx_it.o
    0x08000d68   0x00000002   Code   RO         2599    i.NMI_Handler       stm32f4xx_it.o
    0x08000d6a   0x00000028   Code   RO         2467    i.NVIC_Configuration  main.o
    0x08000d92   0x00000002   PAD
    0x08000d94   0x00000078   Code   RO            3    i.NVIC_Init         misc.o
    0x08000e0c   0x00000014   Code   RO            4    i.NVIC_PriorityGroupConfig  misc.o
    0x08000e20   0x00000002   Code   RO         2600    i.PendSV_Handler    stm32f4xx_it.o
    0x08000e22   0x00000002   PAD
    0x08000e24   0x00000020   Code   RO          323    i.RCC_AHB1PeriphClockCmd  stm32f4xx_rcc.o
    0x08000e44   0x00000020   Code   RO          332    i.RCC_APB1PeriphClockCmd  stm32f4xx_rcc.o
    0x08000e64   0x00000020   Code   RO          335    i.RCC_APB2PeriphClockCmd  stm32f4xx_rcc.o
    0x08000e84   0x00000020   Code   RO          337    i.RCC_APB2PeriphResetCmd  stm32f4xx_rcc.o
    0x08000ea4   0x000000e8   Code   RO          344    i.RCC_GetClocksFreq  stm32f4xx_rcc.o
    0x08000f8c   0x00000118   Code   RO         2148    i.SDEnWideBus       stm32f4_discovery_sdio_sd.o
    0x080010a4   0x0000000c   Code   RO          613    i.SDIO_ClearFlag    stm32f4xx_sdio.o
    0x080010b0   0x0000000c   Code   RO          614    i.SDIO_ClearITPendingBit  stm32f4xx_sdio.o
    0x080010bc   0x0000000c   Code   RO          615    i.SDIO_ClockCmd     stm32f4xx_sdio.o
    0x080010c8   0x0000000c   Code   RO          618    i.SDIO_DMACmd       stm32f4xx_sdio.o
    0x080010d4   0x00000034   Code   RO          619    i.SDIO_DataConfig   stm32f4xx_sdio.o
    0x08001108   0x00000016   Code   RO          621    i.SDIO_DeInit       stm32f4xx_sdio.o
    0x0800111e   0x00000002   PAD
    0x08001120   0x0000000c   Code   RO          622    i.SDIO_GetCommandResponse  stm32f4xx_sdio.o
    0x0800112c   0x00000018   Code   RO          625    i.SDIO_GetFlagStatus  stm32f4xx_sdio.o
    0x08001144   0x00000018   Code   RO          626    i.SDIO_GetITStatus  stm32f4xx_sdio.o
    0x0800115c   0x00000010   Code   RO          627    i.SDIO_GetPowerState  stm32f4xx_sdio.o
    0x0800116c   0x00000018   Code   RO          628    i.SDIO_GetResponse  stm32f4xx_sdio.o
    0x08001184   0x00000008   Code   RO         2601    i.SDIO_IRQHandler   stm32f4xx_it.o
    0x0800118c   0x00000020   Code   RO          629    i.SDIO_ITConfig     stm32f4xx_sdio.o
    0x080011ac   0x00000030   Code   RO          630    i.SDIO_Init         stm32f4xx_sdio.o
    0x080011dc   0x0000000c   Code   RO          631    i.SDIO_ReadData     stm32f4xx_sdio.o
    0x080011e8   0x0000002c   Code   RO          633    i.SDIO_SendCommand  stm32f4xx_sdio.o
    0x08001214   0x0000000c   Code   RO          635    i.SDIO_SetPowerState  stm32f4xx_sdio.o
    0x08001220   0x00000020   Code   RO         2150    i.SD_Detect         stm32f4_discovery_sdio_sd.o
    0x08001240   0x00000094   Code   RO         2151    i.SD_EnableWideBusOperation  stm32f4_discovery_sdio_sd.o
    0x080012d4   0x00000324   Code   RO         2153    i.SD_GetCardInfo    stm32f4_discovery_sdio_sd.o
    0x080015f8   0x00000026   Code   RO         2155    i.SD_GetState       stm32f4_discovery_sdio_sd.o
    0x0800161e   0x0000001e   Code   RO         2156    i.SD_GetStatus      stm32f4_discovery_sdio_sd.o
    0x0800163c   0x00000084   Code   RO         2158    i.SD_Init           stm32f4_discovery_sdio_sd.o
    0x080016c0   0x0000013c   Code   RO         2159    i.SD_InitializeCards  stm32f4_discovery_sdio_sd.o
    0x080017fc   0x0000008c   Code   RO         2389    i.SD_LowLevel_DMA_RxConfig  stm32f4_discovery.o
    0x08001888   0x00000090   Code   RO         2390    i.SD_LowLevel_DMA_TxConfig  stm32f4_discovery.o
    0x08001918   0x000000c0   Code   RO         2392    i.SD_LowLevel_Init  stm32f4_discovery.o
    0x080019d8   0x000001a0   Code   RO         2161    i.SD_PowerON        stm32f4_discovery_sdio_sd.o
    0x08001b78   0x000000ac   Code   RO         2163    i.SD_ProcessIRQSrc  stm32f4_discovery_sdio_sd.o
    0x08001c24   0x000000ec   Code   RO         2166    i.SD_ReadMultiBlocksFIXED  stm32f4_discovery_sdio_sd.o
    0x08001d10   0x00000034   Code   RO         2167    i.SD_SelectDeselect  stm32f4_discovery_sdio_sd.o
    0x08001d44   0x00000054   Code   RO         2169    i.SD_SendStatus     stm32f4_discovery_sdio_sd.o
    0x08001d98   0x00000034   Code   RO         2170    i.SD_StopTransfer   stm32f4_discovery_sdio_sd.o
    0x08001dcc   0x0000007c   Code   RO         2171    i.SD_WaitReadOperation  stm32f4_discovery_sdio_sd.o
    0x08001e48   0x0000007c   Code   RO         2172    i.SD_WaitWriteOperation  stm32f4_discovery_sdio_sd.o
    0x08001ec4   0x00000148   Code   RO         2175    i.SD_WriteMultiBlocksFIXED  stm32f4_discovery_sdio_sd.o
    0x0800200c   0x00000002   Code   RO         2602    i.SVC_Handler       stm32f4xx_it.o
    0x0800200e   0x00000002   PAD
    0x08002010   0x00000040   Code   RO          812    i.SYSCFG_EXTILineConfig  stm32f4xx_syscfg.o
    0x08002050   0x00000120   Code   RO         2557    i.SetSysClock       system_stm32f4xx.o
    0x08002170   0x00000002   Code   RO         2603    i.SysTick_Handler   stm32f4xx_it.o
    0x08002172   0x00000002   PAD
    0x08002174   0x0000005c   Code   RO         2559    i.SystemInit        system_stm32f4xx.o
    0x080021d0   0x0000009c   Code   RO         2604    i.TIM2_IRQHandler   stm32f4xx_it.o
    0x0800226c   0x00000006   Code   RO         1195    i.TIM_ClearITPendingBit  stm32f4xx_tim.o
    0x08002272   0x00000018   Code   RO         1200    i.TIM_Cmd           stm32f4xx_tim.o
    0x0800228a   0x00000022   Code   RO         1221    i.TIM_GetITStatus   stm32f4xx_tim.o
    0x080022ac   0x00000012   Code   RO         1225    i.TIM_ITConfig      stm32f4xx_tim.o
    0x080022be   0x00000004   Code   RO         1266    i.TIM_SetCounter    stm32f4xx_tim.o
    0x080022c2   0x00000002   PAD
    0x080022c4   0x00000084   Code   RO         1272    i.TIM_TimeBaseInit  stm32f4xx_tim.o
    0x08002348   0x00000064   Code   RO         2762    i.Timer2_Config     fonctionsinit.o
    0x080023ac   0x0000007c   Code   RO         2605    i.USART2_IRQHandler  stm32f4xx_it.o
    0x08002428   0x0000007c   Code   RO         2606    i.USART3_IRQHandler  stm32f4xx_it.o
    0x080024a4   0x0000001e   Code   RO          863    i.USART_ClearITPendingBit  stm32f4xx_usart.o
    0x080024c2   0x00000018   Code   RO          866    i.USART_Cmd         stm32f4xx_usart.o
    0x080024da   0x0000001a   Code   RO          869    i.USART_GetFlagStatus  stm32f4xx_usart.o
    0x080024f4   0x00000054   Code   RO          870    i.USART_GetITStatus  stm32f4xx_usart.o
    0x08002548   0x0000004a   Code   RO          872    i.USART_ITConfig    stm32f4xx_usart.o
    0x08002592   0x00000002   PAD
    0x08002594   0x000000d4   Code   RO          873    i.USART_Init        stm32f4xx_usart.o
    0x08002668   0x00000008   Code   RO          883    i.USART_SendData    stm32f4xx_usart.o
    0x08002670   0x00000024   Code   RO         2717    i.USART_puts        fonctionsusart.o
    0x08002694   0x00000004   Code   RO         2607    i.UsageFault_Handler  stm32f4xx_it.o
    0x08002698   0x00000020   Code   RO         2926    i.__0printf$1       mc_w.l(printf1.o)
    0x080026b8   0x0000000e   Code   RO         3213    i.__scatterload_copy  mc_w.l(handlers.o)
    0x080026c6   0x00000002   Code   RO         3214    i.__scatterload_null  mc_w.l(handlers.o)
    0x080026c8   0x0000000e   Code   RO         3215    i.__scatterload_zeroinit  mc_w.l(handlers.o)
    0x080026d6   0x00000002   PAD
    0x080026d8   0x00000154   Code   RO         2933    i._printf_core      mc_w.l(printf1.o)
    0x0800282c   0x00000090   Code   RO         1904    i.check_fs          ff.o
    0x080028bc   0x00000014   Code   RO         1905    i.chk_chr           ff.o
    0x080028d0   0x00000394   Code   RO         1906    i.chk_mounted       ff.o
    0x08002c64   0x0000001a   Code   RO         1907    i.clust2sect        ff.o
    0x08002c7e   0x000000ca   Code   RO         1908    i.create_chain      ff.o
    0x08002d48   0x00000160   Code   RO         1909    i.create_name       ff.o
    0x08002ea8   0x0000005c   Code   RO         1910    i.dir_find          ff.o
    0x08002f04   0x00000114   Code   RO         1911    i.dir_next          ff.o
    0x08003018   0x0000006e   Code   RO         1913    i.dir_register      ff.o
    0x08003086   0x0000009c   Code   RO         1915    i.dir_sdi           ff.o
    0x08003122   0x00000002   PAD
    0x08003124   0x0000000c   Code   RO         2718    i.disableUsartIt    fonctionsusart.o
    0x08003130   0x0000001a   Code   RO         1756    i.disk_initialize   diskio.o
    0x0800314a   0x00000006   Code   RO         1757    i.disk_ioctl        diskio.o
    0x08003150   0x0000009a   Code   RO         1758    i.disk_read         diskio.o
    0x080031ea   0x00000016   Code   RO         1759    i.disk_status       diskio.o
    0x08003200   0x0000009a   Code   RO         1760    i.disk_write        diskio.o
    0x0800329a   0x00000002   PAD
    0x0800329c   0x0000000c   Code   RO         2719    i.enableUsartIt     fonctionsusart.o
    0x080032a8   0x00000016   Code   RO         1917    i.f_close           ff.o
    0x080032be   0x000001b0   Code   RO         1919    i.f_lseek           ff.o
    0x0800346e   0x00000002   PAD
    0x08003470   0x0000002c   Code   RO         1921    i.f_mount           ff.o
    0x0800349c   0x00000168   Code   RO         1922    i.f_open            ff.o
    0x08003604   0x0000003a   Code   RO         1927    i.f_stat            ff.o
    0x0800363e   0x000000b6   Code   RO         1928    i.f_sync            ff.o
    0x080036f4   0x0000020c   Code   RO         1932    i.f_write           ff.o
    0x08003900   0x0000009e   Code   RO         1933    i.follow_path       ff.o
    0x0800399e   0x00000002   PAD
    0x080039a0   0x0000005c   Code   RO         2472    i.fputc             main.o
    0x080039fc   0x00000050   Code   RO         3142    i.free              mc_w.l(malloc.o)
    0x08003a4c   0x000000e4   Code   RO         1934    i.get_fat           ff.o
    0x08003b30   0x00000004   Code   RO         1761    i.get_fattime       diskio.o
    0x08003b34   0x00000098   Code   RO         1935    i.get_fileinfo      ff.o
    0x08003bcc   0x00000012   Code   RO         2818    i.initialiserFile   fifo.o
    0x08003bde   0x00000002   PAD
    0x08003be0   0x0000000c   Code   RO         2720    i.isUsartOk         fonctionsusart.o
    0x08003bec   0x000005d4   Code   RO         2473    i.main              main.o
    0x080041c0   0x0000006c   Code   RO         3143    i.malloc            mc_w.l(malloc.o)
    0x0800422c   0x00000026   Code   RO         1936    i.mem_cmp           ff.o
    0x08004252   0x0000001a   Code   RO         1937    i.mem_cpy           ff.o
    0x0800426c   0x00000014   Code   RO         1938    i.mem_set           ff.o
    0x08004280   0x00000072   Code   RO         1939    i.move_window       ff.o
    0x080042f2   0x00000002   PAD
    0x080042f4   0x0000006c   Code   RO         2820    i.pull              fifo.o
    0x08004360   0x00000040   Code   RO         2821    i.pullN             fifo.o
    0x080043a0   0x00000048   Code   RO         2822    i.push              fifo.o
    0x080043e8   0x0000013c   Code   RO         1940    i.put_fat           ff.o
    0x08004524   0x00000068   Code   RO         1941    i.remove_chain      ff.o
    0x0800458c   0x000000ca   Code   RO         1942    i.sync              ff.o
    0x08004656   0x0000002a   Code   RO         1943    i.validate          ff.o
    0x08004680   0x00000052   Data   RO         2474    .constdata          main.o
    0x080046d2   0x00000002   PAD
    0x080046d4   0x00000030   Data   RO         3211    Region$$Table       anon$$obj.o


    Execution Region RW_IRAM2 (Base: 0x10000000, Size: 0x0000013c, Max: 0x00010000, ABSOLUTE)

    Base Addr    Size         Type   Attr      Idx    E Section Name        Object

    0x10000000   0x00000010   Data   RW          368    .data               stm32f4xx_rcc.o
    0x10000010   0x00000006   Data   RW         1944    .data               ff.o
    0x10000016   0x00000002   PAD
    0x10000018   0x00000018   Data   RW         2178    .data               stm32f4_discovery_sdio_sd.o
    0x10000030   0x00000010   Data   RW         2475    .data               main.o
    0x10000040   0x00000008   Data   RW         2608    .data               stm32f4xx_it.o
    0x10000048   0x00000001   Data   RW         2721    .data               fonctionsusart.o
    0x10000049   0x00000003   PAD
    0x1000004c   0x00000018   Data   RW         2800    .data               itdata.o
    0x10000064   0x00000004   Data   RW         3188    .data               mc_w.l(mvars.o)
    0x10000068   0x00000004   Data   RW         3189    .data               mc_w.l(mvars.o)
    0x1000006c   0x00000004   PAD
    0x10000070   0x000000cc   Zero   RW         2177    .bss                stm32f4_discovery_sdio_sd.o


    Execution Region RW_IRAM1 (Base: 0x20000000, Size: 0x00011000, Max: 0x00020000, ABSOLUTE)

    Base Addr    Size         Type   Attr      Idx    E Section Name        Object

    0x20000000   0x00010000   Zero   RW         1748    HEAP                startup_stm32f4xx.o
    0x20010000   0x00001000   Zero   RW         1747    STACK               startup_stm32f4xx.o


==============================================================================

Image component sizes


      Code (inc. data)   RO Data    RW Data    ZI Data      Debug   Object Name

       366          0          0          0          0      66208   diskio.o
      5316         46          0          6          0      25712   ff.o
       262         46          0          0          0       3172   fifo.o
       652         26          0          0          0       3206   fonctionsinit.o
        72         14          0          1          0       2518   fonctionsusart.o
         0          0          0         24          0       1298   itdata.o
      1624        538         82         16          0       7575   main.o
       140         22          0          0          0     232135   misc.o
        52         14        392          0      69632        796   startup_stm32f4xx.o
       476         28          0          0          0       2737   stm32f4_discovery.o
      4476        266          0         24        204      33025   stm32f4_discovery_sdio_sd.o
       586         40          0          0          0      18056   stm32f4xx_dma.o
       212         24          0          0          0       5453   stm32f4xx_exti.o
       248          0          0          0          0      11209   stm32f4xx_gpio.o
       514         70          0          8          0       6689   stm32f4xx_it.o
       360         42          0         16          0      18988   stm32f4xx_rcc.o
       370         80          0          0          0      20682   stm32f4xx_sdio.o
        64          4          0          0          0        692   stm32f4xx_syscfg.o
       218         28          0          0          0      24471   stm32f4xx_tim.o
       458          8          0          0          0      12055   stm32f4xx_usart.o
       380         40          0          0          0       1561   system_stm32f4xx.o

    ----------------------------------------------------------------------
     16876       1336        524        100      69836     498238   Object Totals
         0          0         48          0          0          0   (incl. Generated)
        30          0          2          5          0          0   (incl. Padding)

    ----------------------------------------------------------------------

      Code (inc. data)   RO Data    RW Data    ZI Data      Debug   Library Member Name

         0          0          0          0          0          0   entry.o
         0          0          0          0          0          0   entry10a.o
         0          0          0          0          0          0   entry11a.o
         8          4          0          0          0          0   entry2.o
         4          0          0          0          0          0   entry5.o
         0          0          0          0          0          0   entry7b.o
         0          0          0          0          0          0   entry8b.o
         8          4          0          0          0          0   entry9a.o
        30          0          0          0          0          0   handlers.o
        36          8          0          0          0         68   init.o
       188         20          0          0          0        160   malloc.o
        36          0          0          0          0         68   memcpya.o
        36          0          0          0          0        108   memseta.o
         0          0          0          8          0          0   mvars.o
       372         16          0          0          0        180   printf1.o
        14          0          0          0          0         68   strlen.o
        44          0          0          0          0         80   uidiv.o

    ----------------------------------------------------------------------
       780         52          0          8          4        732   Library Totals
         4          0          0          0          4          0   (incl. Padding)

    ----------------------------------------------------------------------

      Code (inc. data)   RO Data    RW Data    ZI Data      Debug   Library Name

       776         52          0          8          0        732   mc_w.l

    ----------------------------------------------------------------------
       780         52          0          8          4        732   Library Totals

    ----------------------------------------------------------------------

==============================================================================


      Code (inc. data)   RO Data    RW Data    ZI Data      Debug   

     17656       1388        524        108      69840     491326   Grand Totals
     17656       1388        524        108      69840     491326   ELF Image Totals
     17656       1388        524        108          0          0   ROM Totals

==============================================================================

    Total RO  Size (Code + RO Data)                18180 (  17.75kB)
    Total RW  Size (RW Data + ZI Data)             69948 (  68.31kB)
    Total ROM Size (Code + RO Data + RW Data)      18288 (  17.86kB)

==============================================================================

